<?xml version="1.0"?>
<link_info>
   <banner>TMS320C55x Linker PC v4.4.1</banner>
   <copyright>Copyright (c) 1996-2012 Texas Instruments Incorporated</copyright>
   <link_time>0x5ac333d7</link_time>
   <output_file>EQ.out</output_file>
   <entry_point>
      <name>_c_int00</name>
      <address>0x28d45</address>
   </entry_point>
   <input_file_list>
      <input_file id="fl-2">
         <path>.\</path>
         <kind>object</kind>
         <file>aic3204.obj</file>
         <name>aic3204.obj</name>
      </input_file>
      <input_file id="fl-3">
         <path>.\</path>
         <kind>object</kind>
         <file>aic3204_init.obj</file>
         <name>aic3204_init.obj</name>
      </input_file>
      <input_file id="fl-4">
         <path>.\</path>
         <kind>object</kind>
         <file>ezdsp5535_aic3204_dma.obj</file>
         <name>ezdsp5535_aic3204_dma.obj</name>
      </input_file>
      <input_file id="fl-5">
         <path>.\</path>
         <kind>object</kind>
         <file>iir.obj</file>
         <name>iir.obj</name>
      </input_file>
      <input_file id="fl-6">
         <path>.\</path>
         <kind>object</kind>
         <file>main.obj</file>
         <name>main.obj</name>
      </input_file>
      <input_file id="fl-7">
         <path>.\</path>
         <kind>object</kind>
         <file>print_number.obj</file>
         <name>print_number.obj</name>
      </input_file>
      <input_file id="fl-8">
         <path>.\</path>
         <kind>object</kind>
         <file>processing.obj</file>
         <name>processing.obj</name>
      </input_file>
      <input_file id="fl-11">
         <path>..\lib\</path>
         <kind>archive</kind>
         <file>ezdsp5535bsl.lib</file>
         <name>ezdsp5535_sar.obj</name>
      </input_file>
      <input_file id="fl-12">
         <path>..\lib\</path>
         <kind>archive</kind>
         <file>ezdsp5535bsl.lib</file>
         <name>ezdsp5535_lcd.obj</name>
      </input_file>
      <input_file id="fl-13">
         <path>..\lib\</path>
         <kind>archive</kind>
         <file>ezdsp5535bsl.lib</file>
         <name>ezdsp5535_i2s.obj</name>
      </input_file>
      <input_file id="fl-14">
         <path>..\lib\</path>
         <kind>archive</kind>
         <file>ezdsp5535bsl.lib</file>
         <name>ezdsp5535_i2c.obj</name>
      </input_file>
      <input_file id="fl-15">
         <path>..\lib\</path>
         <kind>archive</kind>
         <file>ezdsp5535bsl.lib</file>
         <name>ezdsp5535_gpio.obj</name>
      </input_file>
      <input_file id="fl-16">
         <path>..\lib\</path>
         <kind>archive</kind>
         <file>ezdsp5535bsl.lib</file>
         <name>ezdsp5535.obj</name>
      </input_file>
      <input_file id="fl-17">
         <path>..\c55xx_csl\lib\</path>
         <kind>archive</kind>
         <file>cslVC5505.lib</file>
         <name>vectors.obj</name>
      </input_file>
      <input_file id="fl-18">
         <path>..\c55xx_csl\lib\</path>
         <kind>archive</kind>
         <file>cslVC5505.lib</file>
         <name>csl_sar.obj</name>
      </input_file>
      <input_file id="fl-19">
         <path>..\c55xx_csl\lib\</path>
         <kind>archive</kind>
         <file>cslVC5505.lib</file>
         <name>csl_irqplug.obj</name>
      </input_file>
      <input_file id="fl-1a">
         <path>..\c55xx_csl\lib\</path>
         <kind>archive</kind>
         <file>cslVC5505.lib</file>
         <name>csl_intc.obj</name>
      </input_file>
      <input_file id="fl-1b">
         <path>..\c55xx_csl\lib\</path>
         <kind>archive</kind>
         <file>cslVC5505.lib</file>
         <name>csl_i2s.obj</name>
      </input_file>
      <input_file id="fl-1c">
         <path>..\c55xx_csl\lib\</path>
         <kind>archive</kind>
         <file>cslVC5505.lib</file>
         <name>csl_i2c.obj</name>
      </input_file>
      <input_file id="fl-1d">
         <path>..\c55xx_csl\lib\</path>
         <kind>archive</kind>
         <file>cslVC5505.lib</file>
         <name>csl_gpio.obj</name>
      </input_file>
      <input_file id="fl-1e">
         <path>C:\ti\ccsv6\tools\compiler\c5500_4.4.1\lib\</path>
         <kind>archive</kind>
         <file>rts55x.lib</file>
         <name>addd.obj</name>
      </input_file>
      <input_file id="fl-1f">
         <path>C:\ti\ccsv6\tools\compiler\c5500_4.4.1\lib\</path>
         <kind>archive</kind>
         <file>rts55x.lib</file>
         <name>boot.obj</name>
      </input_file>
      <input_file id="fl-20">
         <path>C:\ti\ccsv6\tools\compiler\c5500_4.4.1\lib\</path>
         <kind>archive</kind>
         <file>rts55x.lib</file>
         <name>cmpd.obj</name>
      </input_file>
      <input_file id="fl-21">
         <path>C:\ti\ccsv6\tools\compiler\c5500_4.4.1\lib\</path>
         <kind>archive</kind>
         <file>rts55x.lib</file>
         <name>cos.obj</name>
      </input_file>
      <input_file id="fl-22">
         <path>C:\ti\ccsv6\tools\compiler\c5500_4.4.1\lib\</path>
         <kind>archive</kind>
         <file>rts55x.lib</file>
         <name>divd.obj</name>
      </input_file>
      <input_file id="fl-23">
         <path>C:\ti\ccsv6\tools\compiler\c5500_4.4.1\lib\</path>
         <kind>archive</kind>
         <file>rts55x.lib</file>
         <name>divul.obj</name>
      </input_file>
      <input_file id="fl-24">
         <path>C:\ti\ccsv6\tools\compiler\c5500_4.4.1\lib\</path>
         <kind>archive</kind>
         <file>rts55x.lib</file>
         <name>exit.obj</name>
      </input_file>
      <input_file id="fl-25">
         <path>C:\ti\ccsv6\tools\compiler\c5500_4.4.1\lib\</path>
         <kind>archive</kind>
         <file>rts55x.lib</file>
         <name>fixdi.obj</name>
      </input_file>
      <input_file id="fl-26">
         <path>C:\ti\ccsv6\tools\compiler\c5500_4.4.1\lib\</path>
         <kind>archive</kind>
         <file>rts55x.lib</file>
         <name>fixdli.obj</name>
      </input_file>
      <input_file id="fl-27">
         <path>C:\ti\ccsv6\tools\compiler\c5500_4.4.1\lib\</path>
         <kind>archive</kind>
         <file>rts55x.lib</file>
         <name>fltid.obj</name>
      </input_file>
      <input_file id="fl-28">
         <path>C:\ti\ccsv6\tools\compiler\c5500_4.4.1\lib\</path>
         <kind>archive</kind>
         <file>rts55x.lib</file>
         <name>fltlid.obj</name>
      </input_file>
      <input_file id="fl-29">
         <path>C:\ti\ccsv6\tools\compiler\c5500_4.4.1\lib\</path>
         <kind>archive</kind>
         <file>rts55x.lib</file>
         <name>frcmpyd_div.obj</name>
      </input_file>
      <input_file id="fl-2a">
         <path>C:\ti\ccsv6\tools\compiler\c5500_4.4.1\lib\</path>
         <kind>archive</kind>
         <file>rts55x.lib</file>
         <name>idiv.obj</name>
      </input_file>
      <input_file id="fl-2b">
         <path>C:\ti\ccsv6\tools\compiler\c5500_4.4.1\lib\</path>
         <kind>archive</kind>
         <file>rts55x.lib</file>
         <name>lmpy.obj</name>
      </input_file>
      <input_file id="fl-2c">
         <path>C:\ti\ccsv6\tools\compiler\c5500_4.4.1\lib\</path>
         <kind>archive</kind>
         <file>rts55x.lib</file>
         <name>modf.obj</name>
      </input_file>
      <input_file id="fl-2d">
         <path>C:\ti\ccsv6\tools\compiler\c5500_4.4.1\lib\</path>
         <kind>archive</kind>
         <file>rts55x.lib</file>
         <name>mpyd.obj</name>
      </input_file>
      <input_file id="fl-2e">
         <path>C:\ti\ccsv6\tools\compiler\c5500_4.4.1\lib\</path>
         <kind>archive</kind>
         <file>rts55x.lib</file>
         <name>negd.obj</name>
      </input_file>
      <input_file id="fl-2f">
         <path>C:\ti\ccsv6\tools\compiler\c5500_4.4.1\lib\</path>
         <kind>archive</kind>
         <file>rts55x.lib</file>
         <name>printf.obj</name>
      </input_file>
      <input_file id="fl-30">
         <path>C:\ti\ccsv6\tools\compiler\c5500_4.4.1\lib\</path>
         <kind>archive</kind>
         <file>rts55x.lib</file>
         <name>remul.obj</name>
      </input_file>
      <input_file id="fl-31">
         <path>C:\ti\ccsv6\tools\compiler\c5500_4.4.1\lib\</path>
         <kind>archive</kind>
         <file>rts55x.lib</file>
         <name>round.obj</name>
      </input_file>
      <input_file id="fl-32">
         <path>C:\ti\ccsv6\tools\compiler\c5500_4.4.1\lib\</path>
         <kind>archive</kind>
         <file>rts55x.lib</file>
         <name>sin.obj</name>
      </input_file>
      <input_file id="fl-33">
         <path>C:\ti\ccsv6\tools\compiler\c5500_4.4.1\lib\</path>
         <kind>archive</kind>
         <file>rts55x.lib</file>
         <name>subd.obj</name>
      </input_file>
      <input_file id="fl-34">
         <path>C:\ti\ccsv6\tools\compiler\c5500_4.4.1\lib\</path>
         <kind>archive</kind>
         <file>rts55x.lib</file>
         <name>trunc.obj</name>
      </input_file>
      <input_file id="fl-35">
         <path>C:\ti\ccsv6\tools\compiler\c5500_4.4.1\lib\</path>
         <kind>archive</kind>
         <file>rts55x.lib</file>
         <name>vectors.obj</name>
      </input_file>
      <input_file id="fl-36">
         <path>C:\ti\ccsv6\tools\compiler\c5500_4.4.1\lib\</path>
         <kind>archive</kind>
         <file>rts55x.lib</file>
         <name>_lock.obj</name>
      </input_file>
      <input_file id="fl-37">
         <path>C:\ti\ccsv6\tools\compiler\c5500_4.4.1\lib\</path>
         <kind>archive</kind>
         <file>rts55x.lib</file>
         <name>_printfi.obj</name>
      </input_file>
      <input_file id="fl-38">
         <path>C:\ti\ccsv6\tools\compiler\c5500_4.4.1\lib\</path>
         <kind>archive</kind>
         <file>rts55x.lib</file>
         <name>args_main.obj</name>
      </input_file>
      <input_file id="fl-39">
         <path>C:\ti\ccsv6\tools\compiler\c5500_4.4.1\lib\</path>
         <kind>archive</kind>
         <file>rts55x.lib</file>
         <name>atoi.obj</name>
      </input_file>
      <input_file id="fl-3a">
         <path>C:\ti\ccsv6\tools\compiler\c5500_4.4.1\lib\</path>
         <kind>archive</kind>
         <file>rts55x.lib</file>
         <name>autoinit.obj</name>
      </input_file>
      <input_file id="fl-3b">
         <path>C:\ti\ccsv6\tools\compiler\c5500_4.4.1\lib\</path>
         <kind>archive</kind>
         <file>rts55x.lib</file>
         <name>ctype.obj</name>
      </input_file>
      <input_file id="fl-3c">
         <path>C:\ti\ccsv6\tools\compiler\c5500_4.4.1\lib\</path>
         <kind>archive</kind>
         <file>rts55x.lib</file>
         <name>defs.obj</name>
      </input_file>
      <input_file id="fl-3d">
         <path>C:\ti\ccsv6\tools\compiler\c5500_4.4.1\lib\</path>
         <kind>archive</kind>
         <file>rts55x.lib</file>
         <name>fputc.obj</name>
      </input_file>
      <input_file id="fl-3e">
         <path>C:\ti\ccsv6\tools\compiler\c5500_4.4.1\lib\</path>
         <kind>archive</kind>
         <file>rts55x.lib</file>
         <name>fputs.obj</name>
      </input_file>
      <input_file id="fl-3f">
         <path>C:\ti\ccsv6\tools\compiler\c5500_4.4.1\lib\</path>
         <kind>archive</kind>
         <file>rts55x.lib</file>
         <name>frcmpyd.obj</name>
      </input_file>
      <input_file id="fl-40">
         <path>C:\ti\ccsv6\tools\compiler\c5500_4.4.1\lib\</path>
         <kind>archive</kind>
         <file>rts55x.lib</file>
         <name>isinf.obj</name>
      </input_file>
      <input_file id="fl-41">
         <path>C:\ti\ccsv6\tools\compiler\c5500_4.4.1\lib\</path>
         <kind>archive</kind>
         <file>rts55x.lib</file>
         <name>llmpy.obj</name>
      </input_file>
      <input_file id="fl-42">
         <path>C:\ti\ccsv6\tools\compiler\c5500_4.4.1\lib\</path>
         <kind>archive</kind>
         <file>rts55x.lib</file>
         <name>lowlev.obj</name>
      </input_file>
      <input_file id="fl-43">
         <path>C:\ti\ccsv6\tools\compiler\c5500_4.4.1\lib\</path>
         <kind>archive</kind>
         <file>rts55x.lib</file>
         <name>ltoa.obj</name>
      </input_file>
      <input_file id="fl-44">
         <path>C:\ti\ccsv6\tools\compiler\c5500_4.4.1\lib\</path>
         <kind>archive</kind>
         <file>rts55x.lib</file>
         <name>memccpy.obj</name>
      </input_file>
      <input_file id="fl-45">
         <path>C:\ti\ccsv6\tools\compiler\c5500_4.4.1\lib\</path>
         <kind>archive</kind>
         <file>rts55x.lib</file>
         <name>memcpy.obj</name>
      </input_file>
      <input_file id="fl-46">
         <path>C:\ti\ccsv6\tools\compiler\c5500_4.4.1\lib\</path>
         <kind>archive</kind>
         <file>rts55x.lib</file>
         <name>remli.obj</name>
      </input_file>
      <input_file id="fl-47">
         <path>C:\ti\ccsv6\tools\compiler\c5500_4.4.1\lib\</path>
         <kind>archive</kind>
         <file>rts55x.lib</file>
         <name>trgdrv.obj</name>
      </input_file>
      <input_file id="fl-48">
         <path>C:\ti\ccsv6\tools\compiler\c5500_4.4.1\lib\</path>
         <kind>archive</kind>
         <file>rts55x.lib</file>
         <name>trgmsg.obj</name>
      </input_file>
      <input_file id="fl-49">
         <path>C:\ti\ccsv6\tools\compiler\c5500_4.4.1\lib\</path>
         <kind>archive</kind>
         <file>rts55x.lib</file>
         <name>udiv.obj</name>
      </input_file>
      <input_file id="fl-4a">
         <path>C:\ti\ccsv6\tools\compiler\c5500_4.4.1\lib\</path>
         <kind>archive</kind>
         <file>rts55x.lib</file>
         <name>_io_perm.obj</name>
      </input_file>
      <input_file id="fl-4b">
         <path>C:\ti\ccsv6\tools\compiler\c5500_4.4.1\lib\</path>
         <kind>archive</kind>
         <file>rts55x.lib</file>
         <name>divli.obj</name>
      </input_file>
      <input_file id="fl-4c">
         <path>C:\ti\ccsv6\tools\compiler\c5500_4.4.1\lib\</path>
         <kind>archive</kind>
         <file>rts55x.lib</file>
         <name>fflush.obj</name>
      </input_file>
      <input_file id="fl-4d">
         <path>C:\ti\ccsv6\tools\compiler\c5500_4.4.1\lib\</path>
         <kind>archive</kind>
         <file>rts55x.lib</file>
         <name>fseek.obj</name>
      </input_file>
      <input_file id="fl-4e">
         <path>C:\ti\ccsv6\tools\compiler\c5500_4.4.1\lib\</path>
         <kind>archive</kind>
         <file>rts55x.lib</file>
         <name>setvbuf.obj</name>
      </input_file>
      <input_file id="fl-4f">
         <path>C:\ti\ccsv6\tools\compiler\c5500_4.4.1\lib\</path>
         <kind>archive</kind>
         <file>rts55x.lib</file>
         <name>fopen.obj</name>
      </input_file>
      <input_file id="fl-50">
         <path>C:\ti\ccsv6\tools\compiler\c5500_4.4.1\lib\</path>
         <kind>archive</kind>
         <file>rts55x.lib</file>
         <name>memory.obj</name>
      </input_file>
      <input_file id="fl-51">
         <path>C:\ti\ccsv6\tools\compiler\c5500_4.4.1\lib\</path>
         <kind>archive</kind>
         <file>rts55x.lib</file>
         <name>fclose.obj</name>
      </input_file>
      <input_file id="fl-52">
         <path>C:\ti\ccsv6\tools\compiler\c5500_4.4.1\lib\</path>
         <kind>archive</kind>
         <file>rts55x.lib</file>
         <name>remove.obj</name>
      </input_file>
   </input_file_list>
   <object_component_list>
      <object_component id="oc-fa">
         <name>.text</name>
         <load_address>0x20000</load_address>
         <run_address>0x20000</run_address>
         <size>0x15a4</size>
         <input_file_ref idref="fl-37"/>
      </object_component>
      <object_component id="oc-7c">
         <name>.text</name>
         <load_address>0x215a4</load_address>
         <run_address>0x215a4</run_address>
         <size>0xc3c</size>
         <input_file_ref idref="fl-1c"/>
      </object_component>
      <object_component id="oc-66">
         <name>.text</name>
         <load_address>0x221e0</load_address>
         <run_address>0x221e0</run_address>
         <size>0xb18</size>
         <input_file_ref idref="fl-18"/>
      </object_component>
      <object_component id="oc-75">
         <name>.text</name>
         <load_address>0x22cf8</load_address>
         <run_address>0x22cf8</run_address>
         <size>0x9f3</size>
         <input_file_ref idref="fl-1b"/>
      </object_component>
      <object_component id="oc-82">
         <name>.text</name>
         <load_address>0x236eb</load_address>
         <run_address>0x236eb</run_address>
         <size>0x68d</size>
         <input_file_ref idref="fl-1d"/>
      </object_component>
      <object_component id="oc-18">
         <name>.text</name>
         <load_address>0x23d78</load_address>
         <run_address>0x23d78</run_address>
         <size>0x5b5</size>
         <input_file_ref idref="fl-3"/>
      </object_component>
      <object_component id="oc-6f">
         <name>.text</name>
         <load_address>0x2432d</load_address>
         <run_address>0x2432d</run_address>
         <size>0x554</size>
         <input_file_ref idref="fl-1a"/>
      </object_component>
      <object_component id="oc-127">
         <name>.text</name>
         <load_address>0x24881</load_address>
         <run_address>0x24881</run_address>
         <size>0x543</size>
         <input_file_ref idref="fl-42"/>
      </object_component>
      <object_component id="oc-13d">
         <name>.text</name>
         <load_address>0x24dc4</load_address>
         <run_address>0x24dc4</run_address>
         <size>0x528</size>
         <input_file_ref idref="fl-47"/>
      </object_component>
      <object_component id="oc-166">
         <name>.text</name>
         <load_address>0x252ec</load_address>
         <run_address>0x252ec</run_address>
         <size>0x4b5</size>
         <input_file_ref idref="fl-50"/>
      </object_component>
      <object_component id="oc-2a">
         <name>.text</name>
         <load_address>0x257a1</load_address>
         <run_address>0x257a1</run_address>
         <size>0x40d</size>
         <input_file_ref idref="fl-6"/>
      </object_component>
      <object_component id="oc-9a">
         <name>.text</name>
         <load_address>0x25bae</load_address>
         <run_address>0x25bae</run_address>
         <size>0x3cc</size>
         <input_file_ref idref="fl-22"/>
      </object_component>
      <object_component id="oc-1e">
         <name>.text</name>
         <load_address>0x25f7a</load_address>
         <run_address>0x25f7a</run_address>
         <size>0x31b</size>
         <input_file_ref idref="fl-4"/>
      </object_component>
      <object_component id="oc-33">
         <name>.text</name>
         <load_address>0x26295</load_address>
         <run_address>0x26295</run_address>
         <size>0x2d2</size>
         <input_file_ref idref="fl-7"/>
      </object_component>
      <object_component id="oc-160">
         <name>.text</name>
         <load_address>0x26567</load_address>
         <run_address>0x26567</run_address>
         <size>0x27f</size>
         <input_file_ref idref="fl-4f"/>
      </object_component>
      <object_component id="oc-39">
         <name>.text</name>
         <load_address>0x267e6</load_address>
         <run_address>0x267e6</run_address>
         <size>0x26a</size>
         <input_file_ref idref="fl-8"/>
      </object_component>
      <object_component id="oc-123">
         <name>.text</name>
         <load_address>0x26a50</load_address>
         <run_address>0x26a50</run_address>
         <size>0x25e</size>
         <input_file_ref idref="fl-41"/>
      </object_component>
      <object_component id="oc-87">
         <name>.text</name>
         <load_address>0x26cae</load_address>
         <run_address>0x26cae</run_address>
         <size>0x25a</size>
         <input_file_ref idref="fl-1e"/>
      </object_component>
      <object_component id="oc-93">
         <name>.text</name>
         <load_address>0x26f08</load_address>
         <run_address>0x26f08</run_address>
         <size>0x218</size>
         <input_file_ref idref="fl-21"/>
      </object_component>
      <object_component id="oc-e0">
         <name>.text</name>
         <load_address>0x27120</load_address>
         <run_address>0x27120</run_address>
         <size>0x1f2</size>
         <input_file_ref idref="fl-32"/>
      </object_component>
      <object_component id="oc-8f">
         <name>.text</name>
         <load_address>0x27312</load_address>
         <run_address>0x27312</run_address>
         <size>0x1ea</size>
         <input_file_ref idref="fl-20"/>
      </object_component>
      <object_component id="oc-46">
         <name>.text</name>
         <load_address>0x274fc</load_address>
         <run_address>0x274fc</run_address>
         <size>0x192</size>
         <input_file_ref idref="fl-12"/>
      </object_component>
      <object_component id="oc-3f">
         <name>.text</name>
         <load_address>0x2768e</load_address>
         <run_address>0x2768e</run_address>
         <size>0x17a</size>
         <input_file_ref idref="fl-11"/>
      </object_component>
      <object_component id="oc-116">
         <name>.text</name>
         <load_address>0x27808</load_address>
         <run_address>0x27808</run_address>
         <size>0x163</size>
         <input_file_ref idref="fl-3e"/>
      </object_component>
      <object_component id="oc-cb">
         <name>.text</name>
         <load_address>0x2796b</load_address>
         <run_address>0x2796b</run_address>
         <size>0x14c</size>
         <input_file_ref idref="fl-2d"/>
      </object_component>
      <object_component id="oc-25">
         <name>.text</name>
         <load_address>0x27ab7</load_address>
         <run_address>0x27ab7</run_address>
         <size>0x120</size>
         <input_file_ref idref="fl-5"/>
      </object_component>
      <object_component id="oc-4b">
         <name>.text</name>
         <load_address>0x27bd7</load_address>
         <run_address>0x27bd7</run_address>
         <size>0x107</size>
         <input_file_ref idref="fl-13"/>
      </object_component>
      <object_component id="oc-15c">
         <name>.text</name>
         <load_address>0x27cde</load_address>
         <run_address>0x27cde</run_address>
         <size>0xe6</size>
         <input_file_ref idref="fl-4e"/>
      </object_component>
      <object_component id="oc-14c">
         <name>.text</name>
         <load_address>0x27dc4</load_address>
         <run_address>0x27dc4</run_address>
         <size>0xdd</size>
         <input_file_ref idref="fl-4a"/>
      </object_component>
      <object_component id="oc-21">
         <name>.text:retain</name>
         <load_address>0x27ea1</load_address>
         <run_address>0x27ea1</run_address>
         <size>0xcc</size>
         <input_file_ref idref="fl-4"/>
      </object_component>
      <object_component id="oc-12">
         <name>.text</name>
         <load_address>0x27f6d</load_address>
         <run_address>0x27f6d</run_address>
         <size>0xc3</size>
         <input_file_ref idref="fl-2"/>
      </object_component>
      <object_component id="oc-154">
         <name>.text</name>
         <load_address>0x28030</load_address>
         <run_address>0x28030</run_address>
         <size>0xc2</size>
         <input_file_ref idref="fl-4c"/>
      </object_component>
      <object_component id="oc-c6">
         <name>.text</name>
         <load_address>0x280f2</load_address>
         <run_address>0x280f2</run_address>
         <size>0xbf</size>
         <input_file_ref idref="fl-2c"/>
      </object_component>
      <object_component id="oc-145">
         <name>.text:CIO_breakpoint</name>
         <load_address>0x281b1</load_address>
         <run_address>0x281b1</run_address>
         <size>0xba</size>
         <input_file_ref idref="fl-48"/>
      </object_component>
      <object_component id="oc-112">
         <name>.text</name>
         <load_address>0x2826b</load_address>
         <run_address>0x2826b</run_address>
         <size>0xa6</size>
         <input_file_ref idref="fl-3d"/>
      </object_component>
      <object_component id="oc-9e">
         <name>.text</name>
         <load_address>0x28311</load_address>
         <run_address>0x28311</run_address>
         <size>0xa1</size>
         <input_file_ref idref="fl-23"/>
      </object_component>
      <object_component id="oc-51">
         <name>.text</name>
         <load_address>0x283b2</load_address>
         <run_address>0x283b2</run_address>
         <size>0x8e</size>
         <input_file_ref idref="fl-14"/>
      </object_component>
      <object_component id="oc-6b">
         <name>.text</name>
         <load_address>0x28440</load_address>
         <run_address>0x28440</run_address>
         <size>0x8c</size>
         <input_file_ref idref="fl-19"/>
      </object_component>
      <object_component id="oc-56">
         <name>.text</name>
         <load_address>0x284cc</load_address>
         <run_address>0x284cc</run_address>
         <size>0x87</size>
         <input_file_ref idref="fl-15"/>
      </object_component>
      <object_component id="oc-12d">
         <name>.text</name>
         <load_address>0x28553</load_address>
         <run_address>0x28553</run_address>
         <size>0x7d</size>
         <input_file_ref idref="fl-43"/>
      </object_component>
      <object_component id="oc-16d">
         <name>.text</name>
         <load_address>0x285d0</load_address>
         <run_address>0x285d0</run_address>
         <size>0x7b</size>
         <input_file_ref idref="fl-51"/>
      </object_component>
      <object_component id="oc-11b">
         <name>.text</name>
         <load_address>0x2864b</load_address>
         <run_address>0x2864b</run_address>
         <size>0x76</size>
         <input_file_ref idref="fl-3f"/>
      </object_component>
      <object_component id="oc-ba">
         <name>.text</name>
         <load_address>0x286c1</load_address>
         <run_address>0x286c1</run_address>
         <size>0x73</size>
         <input_file_ref idref="fl-29"/>
      </object_component>
      <object_component id="oc-d7">
         <name>.text</name>
         <load_address>0x28734</load_address>
         <run_address>0x28734</run_address>
         <size>0x72</size>
         <input_file_ref idref="fl-30"/>
      </object_component>
      <object_component id="oc-ad">
         <name>.text</name>
         <load_address>0x287a6</load_address>
         <run_address>0x287a6</run_address>
         <size>0x6f</size>
         <input_file_ref idref="fl-26"/>
      </object_component>
      <object_component id="oc-61">
         <name>.text</name>
         <load_address>0x28815</load_address>
         <run_address>0x28815</run_address>
         <size>0x6d</size>
         <input_file_ref idref="fl-17"/>
      </object_component>
      <object_component id="oc-142">
         <name>.text</name>
         <load_address>0x28882</load_address>
         <run_address>0x28882</run_address>
         <size>0x6d</size>
         <input_file_ref idref="fl-48"/>
      </object_component>
      <object_component id="oc-158">
         <name>.text</name>
         <load_address>0x288ef</load_address>
         <run_address>0x288ef</run_address>
         <size>0x6b</size>
         <input_file_ref idref="fl-4d"/>
      </object_component>
      <object_component id="oc-b5">
         <name>.text</name>
         <load_address>0x2895a</load_address>
         <run_address>0x2895a</run_address>
         <size>0x67</size>
         <input_file_ref idref="fl-28"/>
      </object_component>
      <object_component id="oc-db">
         <name>.text</name>
         <load_address>0x289c1</load_address>
         <run_address>0x289c1</run_address>
         <size>0x5f</size>
         <input_file_ref idref="fl-31"/>
      </object_component>
      <object_component id="oc-104">
         <name>.text</name>
         <load_address>0x28a20</load_address>
         <run_address>0x28a20</run_address>
         <size>0x5c</size>
         <input_file_ref idref="fl-39"/>
      </object_component>
      <object_component id="oc-5c">
         <name>.text</name>
         <load_address>0x28a7c</load_address>
         <run_address>0x28a7c</run_address>
         <size>0x54</size>
         <input_file_ref idref="fl-16"/>
      </object_component>
      <object_component id="oc-d3">
         <name>.text</name>
         <load_address>0x28ad0</load_address>
         <run_address>0x28ad0</run_address>
         <size>0x50</size>
         <input_file_ref idref="fl-2f"/>
      </object_component>
      <object_component id="oc-108">
         <name>.text</name>
         <load_address>0x28b20</load_address>
         <run_address>0x28b20</run_address>
         <size>0x4d</size>
         <input_file_ref idref="fl-3a"/>
      </object_component>
      <object_component id="oc-100">
         <name>.text</name>
         <load_address>0x28b6d</load_address>
         <run_address>0x28b6d</run_address>
         <size>0x4b</size>
         <input_file_ref idref="fl-38"/>
      </object_component>
      <object_component id="oc-139">
         <name>.text</name>
         <load_address>0x28bb8</load_address>
         <run_address>0x28bb8</run_address>
         <size>0x4b</size>
         <input_file_ref idref="fl-46"/>
      </object_component>
      <object_component id="oc-150">
         <name>.text</name>
         <load_address>0x28c03</load_address>
         <run_address>0x28c03</run_address>
         <size>0x48</size>
         <input_file_ref idref="fl-4b"/>
      </object_component>
      <object_component id="oc-eb">
         <name>.text</name>
         <load_address>0x28c4b</load_address>
         <run_address>0x28c4b</run_address>
         <size>0x41</size>
         <input_file_ref idref="fl-34"/>
      </object_component>
      <object_component id="oc-135">
         <name>.text</name>
         <load_address>0x28c8c</load_address>
         <run_address>0x28c8c</run_address>
         <size>0x3f</size>
         <input_file_ref idref="fl-45"/>
      </object_component>
      <object_component id="oc-a2">
         <name>.text</name>
         <load_address>0x28ccb</load_address>
         <run_address>0x28ccb</run_address>
         <size>0x3e</size>
         <input_file_ref idref="fl-24"/>
      </object_component>
      <object_component id="oc-be">
         <name>.text</name>
         <load_address>0x28d09</load_address>
         <run_address>0x28d09</run_address>
         <size>0x3c</size>
         <input_file_ref idref="fl-2a"/>
      </object_component>
      <object_component id="oc-10">
         <name>.text</name>
         <load_address>0x28d45</load_address>
         <run_address>0x28d45</run_address>
         <size>0x34</size>
         <input_file_ref idref="fl-1f"/>
      </object_component>
      <object_component id="oc-a9">
         <name>.text</name>
         <load_address>0x28d79</load_address>
         <run_address>0x28d79</run_address>
         <size>0x2a</size>
         <input_file_ref idref="fl-25"/>
      </object_component>
      <object_component id="oc-148">
         <name>.text</name>
         <load_address>0x28da3</load_address>
         <run_address>0x28da3</run_address>
         <size>0x2a</size>
         <input_file_ref idref="fl-49"/>
      </object_component>
      <object_component id="oc-131">
         <name>.text</name>
         <load_address>0x28dcd</load_address>
         <run_address>0x28dcd</run_address>
         <size>0x23</size>
         <input_file_ref idref="fl-44"/>
      </object_component>
      <object_component id="oc-11f">
         <name>.text</name>
         <load_address>0x28df0</load_address>
         <run_address>0x28df0</run_address>
         <size>0x1a</size>
         <input_file_ref idref="fl-40"/>
      </object_component>
      <object_component id="oc-e7">
         <name>.text</name>
         <load_address>0x28e0a</load_address>
         <run_address>0x28e0a</run_address>
         <size>0x14</size>
         <input_file_ref idref="fl-33"/>
      </object_component>
      <object_component id="oc-c2">
         <name>.text</name>
         <load_address>0x28e1e</load_address>
         <run_address>0x28e1e</run_address>
         <size>0x13</size>
         <input_file_ref idref="fl-2b"/>
      </object_component>
      <object_component id="oc-f4">
         <name>.text</name>
         <load_address>0x28e31</load_address>
         <run_address>0x28e31</run_address>
         <size>0x12</size>
         <input_file_ref idref="fl-36"/>
      </object_component>
      <object_component id="oc-cf">
         <name>.text</name>
         <load_address>0x28e43</load_address>
         <run_address>0x28e43</run_address>
         <size>0x10</size>
         <input_file_ref idref="fl-2e"/>
      </object_component>
      <object_component id="oc-b1">
         <name>.text</name>
         <load_address>0x28e53</load_address>
         <run_address>0x28e53</run_address>
         <size>0xc</size>
         <input_file_ref idref="fl-27"/>
      </object_component>
      <object_component id="oc-171">
         <name>.text</name>
         <load_address>0x28e5f</load_address>
         <run_address>0x28e5f</run_address>
         <size>0xa</size>
         <input_file_ref idref="fl-52"/>
      </object_component>
      <object_component id="oc-a6">
         <name>.text:CIO_breakpoint</name>
         <load_address>0x28e69</load_address>
         <run_address>0x28e69</run_address>
         <size>0x7</size>
         <input_file_ref idref="fl-24"/>
      </object_component>
      <object_component id="oc-f0">
         <name>.text</name>
         <load_address>0x28e70</load_address>
         <run_address>0x28e70</run_address>
         <size>0x2</size>
         <input_file_ref idref="fl-35"/>
      </object_component>
      <object_component id="oc-8b">
         <name>.stack</name>
         <uninitialized>true</uninitialized>
         <run_address>0xc0</run_address>
         <size>0x0</size>
         <input_file_ref idref="fl-1f"/>
      </object_component>
      <object_component id="oc-191">
         <name>.stack</name>
         <uninitialized>true</uninitialized>
         <run_address>0xc0</run_address>
         <size>0x0</size>
      </object_component>
      <object_component id="oc-175">
         <name>.sysstack</name>
         <uninitialized>true</uninitialized>
         <run_address>0x20c0</run_address>
         <size>0x0</size>
         <input_file_ref idref="fl-1f"/>
      </object_component>
      <object_component id="oc-193">
         <name>.sysstack</name>
         <uninitialized>true</uninitialized>
         <run_address>0x20c0</run_address>
         <size>0x0</size>
      </object_component>
      <object_component id="oc-1f">
         <name>.bss</name>
         <uninitialized>true</uninitialized>
         <run_address>0x50c0</run_address>
         <size>0x810</size>
         <input_file_ref idref="fl-4"/>
      </object_component>
      <object_component id="oc-2b">
         <name>.bss</name>
         <uninitialized>true</uninitialized>
         <run_address>0x58d0</run_address>
         <size>0x668</size>
         <input_file_ref idref="fl-6"/>
      </object_component>
      <object_component id="oc-10e">
         <name>.bss</name>
         <uninitialized>true</uninitialized>
         <run_address>0x5f38</run_address>
         <size>0x232</size>
         <input_file_ref idref="fl-3c"/>
      </object_component>
      <object_component id="oc-13e">
         <name>.bss</name>
         <uninitialized>true</uninitialized>
         <run_address>0x616a</run_address>
         <size>0x1a0</size>
         <input_file_ref idref="fl-47"/>
      </object_component>
      <object_component id="oc-161">
         <name>.bss</name>
         <uninitialized>true</uninitialized>
         <run_address>0x630a</run_address>
         <size>0x2</size>
         <input_file_ref idref="fl-4f"/>
      </object_component>
      <object_component id="oc-70">
         <name>.bss</name>
         <uninitialized>true</uninitialized>
         <run_address>0x630c</run_address>
         <size>0x108</size>
         <input_file_ref idref="fl-1a"/>
      </object_component>
      <object_component id="oc-128">
         <name>.bss</name>
         <uninitialized>true</uninitialized>
         <run_address>0x6414</run_address>
         <size>0xe2</size>
         <input_file_ref idref="fl-42"/>
      </object_component>
      <object_component id="oc-76">
         <name>.bss</name>
         <uninitialized>true</uninitialized>
         <run_address>0x64f6</run_address>
         <size>0x54</size>
         <input_file_ref idref="fl-1b"/>
      </object_component>
      <object_component id="oc-7d">
         <name>.bss</name>
         <uninitialized>true</uninitialized>
         <run_address>0x654c</run_address>
         <size>0x24</size>
         <input_file_ref idref="fl-1c"/>
      </object_component>
      <object_component id="oc-40">
         <name>.bss</name>
         <uninitialized>true</uninitialized>
         <run_address>0x6570</run_address>
         <size>0x10</size>
         <input_file_ref idref="fl-11"/>
      </object_component>
      <object_component id="oc-94">
         <name>.bss</name>
         <uninitialized>true</uninitialized>
         <run_address>0x6580</run_address>
         <size>0x10</size>
         <input_file_ref idref="fl-21"/>
      </object_component>
      <object_component id="oc-e1">
         <name>.bss</name>
         <uninitialized>true</uninitialized>
         <run_address>0x6590</run_address>
         <size>0x10</size>
         <input_file_ref idref="fl-32"/>
      </object_component>
      <object_component id="oc-167">
         <name>.bss</name>
         <uninitialized>true</uninitialized>
         <run_address>0x65a0</run_address>
         <size>0xc</size>
         <input_file_ref idref="fl-50"/>
      </object_component>
      <object_component id="oc-57">
         <name>.bss</name>
         <uninitialized>true</uninitialized>
         <run_address>0x65ac</run_address>
         <size>0x8</size>
         <input_file_ref idref="fl-15"/>
      </object_component>
      <object_component id="oc-f5">
         <name>.bss</name>
         <uninitialized>true</uninitialized>
         <run_address>0x65b4</run_address>
         <size>0x8</size>
         <input_file_ref idref="fl-36"/>
      </object_component>
      <object_component id="oc-a3">
         <name>.bss</name>
         <uninitialized>true</uninitialized>
         <run_address>0x65bc</run_address>
         <size>0x8</size>
         <input_file_ref idref="fl-24"/>
      </object_component>
      <object_component id="oc-13">
         <name>.bss</name>
         <uninitialized>true</uninitialized>
         <run_address>0x65c4</run_address>
         <size>0x4</size>
         <input_file_ref idref="fl-2"/>
      </object_component>
      <object_component id="oc-4c">
         <name>.bss</name>
         <uninitialized>true</uninitialized>
         <run_address>0x65c8</run_address>
         <size>0x4</size>
         <input_file_ref idref="fl-13"/>
      </object_component>
      <object_component id="oc-1a">
         <name>.const:.string</name>
         <load_address>0x65cc</load_address>
         <run_address>0x65cc</run_address>
         <size>0x2e8</size>
         <input_file_ref idref="fl-3"/>
      </object_component>
      <object_component id="oc-179">
         <name>.const:__ctypes_</name>
         <load_address>0x68b4</load_address>
         <run_address>0x68b4</run_address>
         <size>0x202</size>
         <input_file_ref idref="fl-3b"/>
      </object_component>
      <object_component id="oc-177">
         <name>.const:_consolas_8ptBitmaps</name>
         <load_address>0x6ab6</load_address>
         <run_address>0x6ab6</run_address>
         <size>0xc0</size>
         <input_file_ref idref="fl-7"/>
      </object_component>
      <object_component id="oc-35">
         <name>.const</name>
         <load_address>0x6b76</load_address>
         <run_address>0x6b76</run_address>
         <size>0x2</size>
         <input_file_ref idref="fl-7"/>
      </object_component>
      <object_component id="oc-fd">
         <name>.const:.string</name>
         <load_address>0x6b78</load_address>
         <run_address>0x6b78</run_address>
         <size>0x48</size>
         <input_file_ref idref="fl-37"/>
      </object_component>
      <object_component id="oc-2f">
         <name>.const:.string</name>
         <load_address>0x6bc0</load_address>
         <run_address>0x6bc0</run_address>
         <size>0x3c</size>
         <input_file_ref idref="fl-6"/>
      </object_component>
      <object_component id="oc-97">
         <name>.const</name>
         <load_address>0x6bfc</load_address>
         <run_address>0x6bfc</run_address>
         <size>0x2c</size>
         <input_file_ref idref="fl-21"/>
      </object_component>
      <object_component id="oc-e4">
         <name>.const</name>
         <load_address>0x6c28</load_address>
         <run_address>0x6c28</run_address>
         <size>0x28</size>
         <input_file_ref idref="fl-32"/>
      </object_component>
      <object_component id="oc-2e">
         <name>.const</name>
         <load_address>0x6c50</load_address>
         <run_address>0x6c50</run_address>
         <size>0x1c</size>
         <input_file_ref idref="fl-6"/>
      </object_component>
      <object_component id="oc-fc">
         <name>.const</name>
         <load_address>0x6c6c</load_address>
         <run_address>0x6c6c</run_address>
         <size>0x18</size>
         <input_file_ref idref="fl-37"/>
      </object_component>
      <object_component id="oc-3b">
         <name>.const</name>
         <load_address>0x6c84</load_address>
         <run_address>0x6c84</run_address>
         <size>0x14</size>
         <input_file_ref idref="fl-8"/>
      </object_component>
      <object_component id="oc-178">
         <name>.const:_initial_approx$1</name>
         <load_address>0x6c98</load_address>
         <run_address>0x6c98</run_address>
         <size>0x10</size>
         <input_file_ref idref="fl-22"/>
      </object_component>
      <object_component id="oc-dd">
         <name>.const</name>
         <load_address>0x6ca8</load_address>
         <run_address>0x6ca8</run_address>
         <size>0x10</size>
         <input_file_ref idref="fl-31"/>
      </object_component>
      <object_component id="oc-c8">
         <name>.const</name>
         <load_address>0x6cb8</load_address>
         <run_address>0x6cb8</run_address>
         <size>0xc</size>
         <input_file_ref idref="fl-2c"/>
      </object_component>
      <object_component id="oc-ed">
         <name>.const</name>
         <load_address>0x6cc4</load_address>
         <run_address>0x6cc4</run_address>
         <size>0x8</size>
         <input_file_ref idref="fl-34"/>
      </object_component>
      <object_component id="oc-118">
         <name>.const:.string</name>
         <load_address>0x6ccc</load_address>
         <run_address>0x6ccc</run_address>
         <size>0x4</size>
         <input_file_ref idref="fl-3e"/>
      </object_component>
      <object_component id="oc-b7">
         <name>.const</name>
         <load_address>0x6cd0</load_address>
         <run_address>0x6cd0</run_address>
         <size>0x4</size>
         <input_file_ref idref="fl-28"/>
      </object_component>
      <object_component id="oc-16a">
         <name>.sysmem</name>
         <uninitialized>true</uninitialized>
         <run_address>0x30c0</run_address>
         <size>0x0</size>
         <input_file_ref idref="fl-50"/>
      </object_component>
      <object_component id="oc-192">
         <name>.sysmem</name>
         <uninitialized>true</uninitialized>
         <run_address>0x30c0</run_address>
         <size>0x0</size>
      </object_component>
      <object_component id="oc-176">
         <name>.switch:_printChar</name>
         <load_address>0x403ac</load_address>
         <run_address>0x403ac</run_address>
         <size>0x28</size>
         <input_file_ref idref="fl-7"/>
      </object_component>
      <object_component id="oc-12a">
         <name>.cinit</name>
         <load_address>0x40240</load_address>
         <run_address>0x40240</run_address>
         <size>0x5a</size>
         <input_file_ref idref="fl-42"/>
      </object_component>
      <object_component id="oc-110">
         <name>.cinit</name>
         <load_address>0x4029a</load_address>
         <run_address>0x4029a</run_address>
         <size>0x54</size>
         <input_file_ref idref="fl-3c"/>
      </object_component>
      <object_component id="oc-2d">
         <name>.cinit</name>
         <load_address>0x402ee</load_address>
         <run_address>0x402ee</run_address>
         <size>0x30</size>
         <input_file_ref idref="fl-6"/>
      </object_component>
      <object_component id="oc-42">
         <name>.cinit</name>
         <load_address>0x4031e</load_address>
         <run_address>0x4031e</run_address>
         <size>0x18</size>
         <input_file_ref idref="fl-11"/>
      </object_component>
      <object_component id="oc-96">
         <name>.cinit</name>
         <load_address>0x40336</load_address>
         <run_address>0x40336</run_address>
         <size>0x16</size>
         <input_file_ref idref="fl-21"/>
      </object_component>
      <object_component id="oc-e3">
         <name>.cinit</name>
         <load_address>0x4034c</load_address>
         <run_address>0x4034c</run_address>
         <size>0x16</size>
         <input_file_ref idref="fl-32"/>
      </object_component>
      <object_component id="oc-f7">
         <name>.cinit</name>
         <load_address>0x40362</load_address>
         <run_address>0x40362</run_address>
         <size>0x14</size>
         <input_file_ref idref="fl-36"/>
      </object_component>
      <object_component id="oc-a5">
         <name>.cinit</name>
         <load_address>0x40376</load_address>
         <run_address>0x40376</run_address>
         <size>0x14</size>
         <input_file_ref idref="fl-24"/>
      </object_component>
      <object_component id="oc-78">
         <name>.cinit</name>
         <load_address>0x4038a</load_address>
         <run_address>0x4038a</run_address>
         <size>0x10</size>
         <input_file_ref idref="fl-1b"/>
      </object_component>
      <object_component id="oc-163">
         <name>.cinit</name>
         <load_address>0x4039a</load_address>
         <run_address>0x4039a</run_address>
         <size>0x8</size>
         <input_file_ref idref="fl-4f"/>
      </object_component>
      <object_component id="oc-169">
         <name>.cinit</name>
         <load_address>0x403a2</load_address>
         <run_address>0x403a2</run_address>
         <size>0x8</size>
         <input_file_ref idref="fl-50"/>
      </object_component>
      <object_component id="oc-144">
         <name>.cio</name>
         <uninitialized>true</uninitialized>
         <run_address>0x40000</run_address>
         <size>0x240</size>
         <input_file_ref idref="fl-48"/>
      </object_component>
      <object_component id="oc-62">
         <name>vectors</name>
         <load_address>0x4fe00</load_address>
         <run_address>0x4fe00</run_address>
         <size>0x100</size>
         <input_file_ref idref="fl-17"/>
      </object_component>
      <object_component id="oc-11">
         <name>vectors</name>
         <load_address>0x4ff00</load_address>
         <run_address>0x4ff00</run_address>
         <size>0x100</size>
         <input_file_ref idref="fl-35"/>
      </object_component>
      <object_component id="oc-14">
         <name>.debug_info</name>
         <load_address>0x0</load_address>
         <run_address>0x0</run_address>
         <size>0xc62</size>
         <input_file_ref idref="fl-2"/>
      </object_component>
      <object_component id="oc-19">
         <name>.debug_info</name>
         <load_address>0xc62</load_address>
         <run_address>0xc62</run_address>
         <size>0x1bb9</size>
         <input_file_ref idref="fl-3"/>
      </object_component>
      <object_component id="oc-20">
         <name>.debug_info</name>
         <load_address>0x281b</load_address>
         <run_address>0x281b</run_address>
         <size>0x104c</size>
         <input_file_ref idref="fl-4"/>
      </object_component>
      <object_component id="oc-26">
         <name>.debug_info</name>
         <load_address>0x3867</load_address>
         <run_address>0x3867</run_address>
         <size>0x769</size>
         <input_file_ref idref="fl-5"/>
      </object_component>
      <object_component id="oc-2c">
         <name>.debug_info</name>
         <load_address>0x3fd0</load_address>
         <run_address>0x3fd0</run_address>
         <size>0x160d</size>
         <input_file_ref idref="fl-6"/>
      </object_component>
      <object_component id="oc-34">
         <name>.debug_info</name>
         <load_address>0x55dd</load_address>
         <run_address>0x55dd</run_address>
         <size>0xceb</size>
         <input_file_ref idref="fl-7"/>
      </object_component>
      <object_component id="oc-3a">
         <name>.debug_info</name>
         <load_address>0x62c8</load_address>
         <run_address>0x62c8</run_address>
         <size>0xdb1</size>
         <input_file_ref idref="fl-8"/>
      </object_component>
      <object_component id="oc-41">
         <name>.debug_info</name>
         <load_address>0x7079</load_address>
         <run_address>0x7079</run_address>
         <size>0x6384</size>
         <input_file_ref idref="fl-11"/>
      </object_component>
      <object_component id="oc-47">
         <name>.debug_info</name>
         <load_address>0xd3fd</load_address>
         <run_address>0xd3fd</run_address>
         <size>0x5f6b</size>
         <input_file_ref idref="fl-12"/>
      </object_component>
      <object_component id="oc-4d">
         <name>.debug_info</name>
         <load_address>0x13368</load_address>
         <run_address>0x13368</run_address>
         <size>0x6979</size>
         <input_file_ref idref="fl-13"/>
      </object_component>
      <object_component id="oc-52">
         <name>.debug_info</name>
         <load_address>0x19ce1</load_address>
         <run_address>0x19ce1</run_address>
         <size>0x65d7</size>
         <input_file_ref idref="fl-14"/>
      </object_component>
      <object_component id="oc-58">
         <name>.debug_info</name>
         <load_address>0x202b8</load_address>
         <run_address>0x202b8</run_address>
         <size>0x63d2</size>
         <input_file_ref idref="fl-15"/>
      </object_component>
      <object_component id="oc-5d">
         <name>.debug_info</name>
         <load_address>0x2668a</load_address>
         <run_address>0x2668a</run_address>
         <size>0x5896</size>
         <input_file_ref idref="fl-16"/>
      </object_component>
      <object_component id="oc-63">
         <name>.debug_info</name>
         <load_address>0x2bf20</load_address>
         <run_address>0x2bf20</run_address>
         <size>0x1a4</size>
         <input_file_ref idref="fl-17"/>
      </object_component>
      <object_component id="oc-67">
         <name>.debug_info</name>
         <load_address>0x2c0c4</load_address>
         <run_address>0x2c0c4</run_address>
         <size>0x6ebb</size>
         <input_file_ref idref="fl-18"/>
      </object_component>
      <object_component id="oc-6c">
         <name>.debug_info</name>
         <load_address>0x32f7f</load_address>
         <run_address>0x32f7f</run_address>
         <size>0x18e</size>
         <input_file_ref idref="fl-19"/>
      </object_component>
      <object_component id="oc-71">
         <name>.debug_info</name>
         <load_address>0x3310d</load_address>
         <run_address>0x3310d</run_address>
         <size>0x6f61</size>
         <input_file_ref idref="fl-1a"/>
      </object_component>
      <object_component id="oc-77">
         <name>.debug_info</name>
         <load_address>0x3a06e</load_address>
         <run_address>0x3a06e</run_address>
         <size>0x710f</size>
         <input_file_ref idref="fl-1b"/>
      </object_component>
      <object_component id="oc-7e">
         <name>.debug_info</name>
         <load_address>0x4117d</load_address>
         <run_address>0x4117d</run_address>
         <size>0x7424</size>
         <input_file_ref idref="fl-1c"/>
      </object_component>
      <object_component id="oc-83">
         <name>.debug_info</name>
         <load_address>0x485a1</load_address>
         <run_address>0x485a1</run_address>
         <size>0x6ced</size>
         <input_file_ref idref="fl-1d"/>
      </object_component>
      <object_component id="oc-88">
         <name>.debug_info</name>
         <load_address>0x4f28e</load_address>
         <run_address>0x4f28e</run_address>
         <size>0x5ab</size>
         <input_file_ref idref="fl-1e"/>
      </object_component>
      <object_component id="oc-8c">
         <name>.debug_info</name>
         <load_address>0x4f839</load_address>
         <run_address>0x4f839</run_address>
         <size>0xe8</size>
         <input_file_ref idref="fl-1f"/>
      </object_component>
      <object_component id="oc-90">
         <name>.debug_info</name>
         <load_address>0x4f921</load_address>
         <run_address>0x4f921</run_address>
         <size>0x81f</size>
         <input_file_ref idref="fl-20"/>
      </object_component>
      <object_component id="oc-95">
         <name>.debug_info</name>
         <load_address>0x50140</load_address>
         <run_address>0x50140</run_address>
         <size>0x716</size>
         <input_file_ref idref="fl-21"/>
      </object_component>
      <object_component id="oc-9b">
         <name>.debug_info</name>
         <load_address>0x50856</load_address>
         <run_address>0x50856</run_address>
         <size>0x7e8</size>
         <input_file_ref idref="fl-22"/>
      </object_component>
      <object_component id="oc-9f">
         <name>.debug_info</name>
         <load_address>0x5103e</load_address>
         <run_address>0x5103e</run_address>
         <size>0x534</size>
         <input_file_ref idref="fl-23"/>
      </object_component>
      <object_component id="oc-a4">
         <name>.debug_info</name>
         <load_address>0x51572</load_address>
         <run_address>0x51572</run_address>
         <size>0x5fb</size>
         <input_file_ref idref="fl-24"/>
      </object_component>
      <object_component id="oc-aa">
         <name>.debug_info</name>
         <load_address>0x51b6d</load_address>
         <run_address>0x51b6d</run_address>
         <size>0x4cf</size>
         <input_file_ref idref="fl-25"/>
      </object_component>
      <object_component id="oc-ae">
         <name>.debug_info</name>
         <load_address>0x5203c</load_address>
         <run_address>0x5203c</run_address>
         <size>0x534</size>
         <input_file_ref idref="fl-26"/>
      </object_component>
      <object_component id="oc-b2">
         <name>.debug_info</name>
         <load_address>0x52570</load_address>
         <run_address>0x52570</run_address>
         <size>0x4cf</size>
         <input_file_ref idref="fl-27"/>
      </object_component>
      <object_component id="oc-b6">
         <name>.debug_info</name>
         <load_address>0x52a3f</load_address>
         <run_address>0x52a3f</run_address>
         <size>0x549</size>
         <input_file_ref idref="fl-28"/>
      </object_component>
      <object_component id="oc-bb">
         <name>.debug_info</name>
         <load_address>0x52f88</load_address>
         <run_address>0x52f88</run_address>
         <size>0x53e</size>
         <input_file_ref idref="fl-29"/>
      </object_component>
      <object_component id="oc-bf">
         <name>.debug_info</name>
         <load_address>0x534c6</load_address>
         <run_address>0x534c6</run_address>
         <size>0xeb</size>
         <input_file_ref idref="fl-2a"/>
      </object_component>
      <object_component id="oc-c3">
         <name>.debug_info</name>
         <load_address>0x535b1</load_address>
         <run_address>0x535b1</run_address>
         <size>0xbd</size>
         <input_file_ref idref="fl-2b"/>
      </object_component>
      <object_component id="oc-c7">
         <name>.debug_info</name>
         <load_address>0x5366e</load_address>
         <run_address>0x5366e</run_address>
         <size>0x50c</size>
         <input_file_ref idref="fl-2c"/>
      </object_component>
      <object_component id="oc-cc">
         <name>.debug_info</name>
         <load_address>0x53b7a</load_address>
         <run_address>0x53b7a</run_address>
         <size>0x55b</size>
         <input_file_ref idref="fl-2d"/>
      </object_component>
      <object_component id="oc-d0">
         <name>.debug_info</name>
         <load_address>0x540d5</load_address>
         <run_address>0x540d5</run_address>
         <size>0x4b7</size>
         <input_file_ref idref="fl-2e"/>
      </object_component>
      <object_component id="oc-d4">
         <name>.debug_info</name>
         <load_address>0x5458c</load_address>
         <run_address>0x5458c</run_address>
         <size>0x76c</size>
         <input_file_ref idref="fl-2f"/>
      </object_component>
      <object_component id="oc-d8">
         <name>.debug_info</name>
         <load_address>0x54cf8</load_address>
         <run_address>0x54cf8</run_address>
         <size>0x534</size>
         <input_file_ref idref="fl-30"/>
      </object_component>
      <object_component id="oc-dc">
         <name>.debug_info</name>
         <load_address>0x5522c</load_address>
         <run_address>0x5522c</run_address>
         <size>0x52e</size>
         <input_file_ref idref="fl-31"/>
      </object_component>
      <object_component id="oc-e2">
         <name>.debug_info</name>
         <load_address>0x5575a</load_address>
         <run_address>0x5575a</run_address>
         <size>0x6ef</size>
         <input_file_ref idref="fl-32"/>
      </object_component>
      <object_component id="oc-e8">
         <name>.debug_info</name>
         <load_address>0x55e49</load_address>
         <run_address>0x55e49</run_address>
         <size>0x4de</size>
         <input_file_ref idref="fl-33"/>
      </object_component>
      <object_component id="oc-ec">
         <name>.debug_info</name>
         <load_address>0x56327</load_address>
         <run_address>0x56327</run_address>
         <size>0x521</size>
         <input_file_ref idref="fl-34"/>
      </object_component>
      <object_component id="oc-f1">
         <name>.debug_info</name>
         <load_address>0x56848</load_address>
         <run_address>0x56848</run_address>
         <size>0xbc</size>
         <input_file_ref idref="fl-35"/>
      </object_component>
      <object_component id="oc-f6">
         <name>.debug_info</name>
         <load_address>0x56904</load_address>
         <run_address>0x56904</run_address>
         <size>0x5bc</size>
         <input_file_ref idref="fl-36"/>
      </object_component>
      <object_component id="oc-fb">
         <name>.debug_info</name>
         <load_address>0x56ec0</load_address>
         <run_address>0x56ec0</run_address>
         <size>0x27bd</size>
         <input_file_ref idref="fl-37"/>
      </object_component>
      <object_component id="oc-101">
         <name>.debug_info</name>
         <load_address>0x5967d</load_address>
         <run_address>0x5967d</run_address>
         <size>0x586</size>
         <input_file_ref idref="fl-38"/>
      </object_component>
      <object_component id="oc-105">
         <name>.debug_info</name>
         <load_address>0x59c03</load_address>
         <run_address>0x59c03</run_address>
         <size>0x5a4</size>
         <input_file_ref idref="fl-39"/>
      </object_component>
      <object_component id="oc-109">
         <name>.debug_info</name>
         <load_address>0x5a1a7</load_address>
         <run_address>0x5a1a7</run_address>
         <size>0xcd</size>
         <input_file_ref idref="fl-3a"/>
      </object_component>
      <object_component id="oc-10c">
         <name>.debug_info</name>
         <load_address>0x5a274</load_address>
         <run_address>0x5a274</run_address>
         <size>0x498</size>
         <input_file_ref idref="fl-3b"/>
      </object_component>
      <object_component id="oc-10f">
         <name>.debug_info</name>
         <load_address>0x5a70c</load_address>
         <run_address>0x5a70c</run_address>
         <size>0x57e</size>
         <input_file_ref idref="fl-3c"/>
      </object_component>
      <object_component id="oc-113">
         <name>.debug_info</name>
         <load_address>0x5ac8a</load_address>
         <run_address>0x5ac8a</run_address>
         <size>0x6aa</size>
         <input_file_ref idref="fl-3d"/>
      </object_component>
      <object_component id="oc-117">
         <name>.debug_info</name>
         <load_address>0x5b334</load_address>
         <run_address>0x5b334</run_address>
         <size>0x942</size>
         <input_file_ref idref="fl-3e"/>
      </object_component>
      <object_component id="oc-11c">
         <name>.debug_info</name>
         <load_address>0x5bc76</load_address>
         <run_address>0x5bc76</run_address>
         <size>0x4d2</size>
         <input_file_ref idref="fl-3f"/>
      </object_component>
      <object_component id="oc-120">
         <name>.debug_info</name>
         <load_address>0x5c148</load_address>
         <run_address>0x5c148</run_address>
         <size>0x680</size>
         <input_file_ref idref="fl-40"/>
      </object_component>
      <object_component id="oc-124">
         <name>.debug_info</name>
         <load_address>0x5c7c8</load_address>
         <run_address>0x5c7c8</run_address>
         <size>0x7d4</size>
         <input_file_ref idref="fl-41"/>
      </object_component>
      <object_component id="oc-129">
         <name>.debug_info</name>
         <load_address>0x5cf9c</load_address>
         <run_address>0x5cf9c</run_address>
         <size>0x144b</size>
         <input_file_ref idref="fl-42"/>
      </object_component>
      <object_component id="oc-12e">
         <name>.debug_info</name>
         <load_address>0x5e3e7</load_address>
         <run_address>0x5e3e7</run_address>
         <size>0x5ad</size>
         <input_file_ref idref="fl-43"/>
      </object_component>
      <object_component id="oc-132">
         <name>.debug_info</name>
         <load_address>0x5e994</load_address>
         <run_address>0x5e994</run_address>
         <size>0x574</size>
         <input_file_ref idref="fl-44"/>
      </object_component>
      <object_component id="oc-136">
         <name>.debug_info</name>
         <load_address>0x5ef08</load_address>
         <run_address>0x5ef08</run_address>
         <size>0xd1</size>
         <input_file_ref idref="fl-45"/>
      </object_component>
      <object_component id="oc-13a">
         <name>.debug_info</name>
         <load_address>0x5efd9</load_address>
         <run_address>0x5efd9</run_address>
         <size>0x4f2</size>
         <input_file_ref idref="fl-46"/>
      </object_component>
      <object_component id="oc-13f">
         <name>.debug_info</name>
         <load_address>0x5f4cb</load_address>
         <run_address>0x5f4cb</run_address>
         <size>0xed4</size>
         <input_file_ref idref="fl-47"/>
      </object_component>
      <object_component id="oc-143">
         <name>.debug_info</name>
         <load_address>0x6039f</load_address>
         <run_address>0x6039f</run_address>
         <size>0x744</size>
         <input_file_ref idref="fl-48"/>
      </object_component>
      <object_component id="oc-149">
         <name>.debug_info</name>
         <load_address>0x60ae3</load_address>
         <run_address>0x60ae3</run_address>
         <size>0xef</size>
         <input_file_ref idref="fl-49"/>
      </object_component>
      <object_component id="oc-14d">
         <name>.debug_info</name>
         <load_address>0x60bd2</load_address>
         <run_address>0x60bd2</run_address>
         <size>0x662</size>
         <input_file_ref idref="fl-4a"/>
      </object_component>
      <object_component id="oc-151">
         <name>.debug_info</name>
         <load_address>0x61234</load_address>
         <run_address>0x61234</run_address>
         <size>0x4f2</size>
         <input_file_ref idref="fl-4b"/>
      </object_component>
      <object_component id="oc-155">
         <name>.debug_info</name>
         <load_address>0x61726</load_address>
         <run_address>0x61726</run_address>
         <size>0x706</size>
         <input_file_ref idref="fl-4c"/>
      </object_component>
      <object_component id="oc-159">
         <name>.debug_info</name>
         <load_address>0x61e2c</load_address>
         <run_address>0x61e2c</run_address>
         <size>0x5f7</size>
         <input_file_ref idref="fl-4d"/>
      </object_component>
      <object_component id="oc-15d">
         <name>.debug_info</name>
         <load_address>0x62423</load_address>
         <run_address>0x62423</run_address>
         <size>0x64a</size>
         <input_file_ref idref="fl-4e"/>
      </object_component>
      <object_component id="oc-162">
         <name>.debug_info</name>
         <load_address>0x62a6d</load_address>
         <run_address>0x62a6d</run_address>
         <size>0xa1c</size>
         <input_file_ref idref="fl-4f"/>
      </object_component>
      <object_component id="oc-168">
         <name>.debug_info</name>
         <load_address>0x63489</load_address>
         <run_address>0x63489</run_address>
         <size>0xb97</size>
         <input_file_ref idref="fl-50"/>
      </object_component>
      <object_component id="oc-16e">
         <name>.debug_info</name>
         <load_address>0x64020</load_address>
         <run_address>0x64020</run_address>
         <size>0x64f</size>
         <input_file_ref idref="fl-51"/>
      </object_component>
      <object_component id="oc-172">
         <name>.debug_info</name>
         <load_address>0x6466f</load_address>
         <run_address>0x6466f</run_address>
         <size>0x510</size>
         <input_file_ref idref="fl-52"/>
      </object_component>
      <object_component id="oc-199">
         <name>.debug_info</name>
         <load_address>0x64b7f</load_address>
         <run_address>0x64b7f</run_address>
         <size>0x6e</size>
      </object_component>
      <object_component id="oc-15">
         <name>.debug_frame</name>
         <load_address>0x0</load_address>
         <run_address>0x0</run_address>
         <size>0x171</size>
         <input_file_ref idref="fl-2"/>
      </object_component>
      <object_component id="oc-1b">
         <name>.debug_frame</name>
         <load_address>0x171</load_address>
         <run_address>0x171</run_address>
         <size>0x121</size>
         <input_file_ref idref="fl-3"/>
      </object_component>
      <object_component id="oc-22">
         <name>.debug_frame</name>
         <load_address>0x292</load_address>
         <run_address>0x292</run_address>
         <size>0x16a</size>
         <input_file_ref idref="fl-4"/>
      </object_component>
      <object_component id="oc-27">
         <name>.debug_frame</name>
         <load_address>0x3fc</load_address>
         <run_address>0x3fc</run_address>
         <size>0x102</size>
         <input_file_ref idref="fl-5"/>
      </object_component>
      <object_component id="oc-30">
         <name>.debug_frame</name>
         <load_address>0x4fe</load_address>
         <run_address>0x4fe</run_address>
         <size>0x14e</size>
         <input_file_ref idref="fl-6"/>
      </object_component>
      <object_component id="oc-36">
         <name>.debug_frame</name>
         <load_address>0x64c</load_address>
         <run_address>0x64c</run_address>
         <size>0x13b</size>
         <input_file_ref idref="fl-7"/>
      </object_component>
      <object_component id="oc-3c">
         <name>.debug_frame</name>
         <load_address>0x787</load_address>
         <run_address>0x787</run_address>
         <size>0x159</size>
         <input_file_ref idref="fl-8"/>
      </object_component>
      <object_component id="oc-43">
         <name>.debug_frame</name>
         <load_address>0x8e0</load_address>
         <run_address>0x8e0</run_address>
         <size>0x102</size>
         <input_file_ref idref="fl-11"/>
      </object_component>
      <object_component id="oc-48">
         <name>.debug_frame</name>
         <load_address>0x9e2</load_address>
         <run_address>0x9e2</run_address>
         <size>0x13a</size>
         <input_file_ref idref="fl-12"/>
      </object_component>
      <object_component id="oc-4e">
         <name>.debug_frame</name>
         <load_address>0xb1c</load_address>
         <run_address>0xb1c</run_address>
         <size>0x171</size>
         <input_file_ref idref="fl-13"/>
      </object_component>
      <object_component id="oc-53">
         <name>.debug_frame</name>
         <load_address>0xc8d</load_address>
         <run_address>0xc8d</run_address>
         <size>0x138</size>
         <input_file_ref idref="fl-14"/>
      </object_component>
      <object_component id="oc-59">
         <name>.debug_frame</name>
         <load_address>0xdc5</load_address>
         <run_address>0xdc5</run_address>
         <size>0x138</size>
         <input_file_ref idref="fl-15"/>
      </object_component>
      <object_component id="oc-5e">
         <name>.debug_frame</name>
         <load_address>0xefd</load_address>
         <run_address>0xefd</run_address>
         <size>0x116</size>
         <input_file_ref idref="fl-16"/>
      </object_component>
      <object_component id="oc-68">
         <name>.debug_frame</name>
         <load_address>0x1013</load_address>
         <run_address>0x1013</run_address>
         <size>0x272</size>
         <input_file_ref idref="fl-18"/>
      </object_component>
      <object_component id="oc-72">
         <name>.debug_frame</name>
         <load_address>0x1285</load_address>
         <run_address>0x1285</run_address>
         <size>0x2a1</size>
         <input_file_ref idref="fl-1a"/>
      </object_component>
      <object_component id="oc-79">
         <name>.debug_frame</name>
         <load_address>0x1526</load_address>
         <run_address>0x1526</run_address>
         <size>0x197</size>
         <input_file_ref idref="fl-1b"/>
      </object_component>
      <object_component id="oc-7f">
         <name>.debug_frame</name>
         <load_address>0x16bd</load_address>
         <run_address>0x16bd</run_address>
         <size>0x1ef</size>
         <input_file_ref idref="fl-1c"/>
      </object_component>
      <object_component id="oc-84">
         <name>.debug_frame</name>
         <load_address>0x18ac</load_address>
         <run_address>0x18ac</run_address>
         <size>0x224</size>
         <input_file_ref idref="fl-1d"/>
      </object_component>
      <object_component id="oc-16">
         <name>.debug_line</name>
         <load_address>0x0</load_address>
         <run_address>0x0</run_address>
         <size>0xd0</size>
         <input_file_ref idref="fl-2"/>
      </object_component>
      <object_component id="oc-1c">
         <name>.debug_line</name>
         <load_address>0xd0</load_address>
         <run_address>0xd0</run_address>
         <size>0x253</size>
         <input_file_ref idref="fl-3"/>
      </object_component>
      <object_component id="oc-23">
         <name>.debug_line</name>
         <load_address>0x323</load_address>
         <run_address>0x323</run_address>
         <size>0x198</size>
         <input_file_ref idref="fl-4"/>
      </object_component>
      <object_component id="oc-28">
         <name>.debug_line</name>
         <load_address>0x4bb</load_address>
         <run_address>0x4bb</run_address>
         <size>0x6e</size>
         <input_file_ref idref="fl-5"/>
      </object_component>
      <object_component id="oc-31">
         <name>.debug_line</name>
         <load_address>0x529</load_address>
         <run_address>0x529</run_address>
         <size>0x186</size>
         <input_file_ref idref="fl-6"/>
      </object_component>
      <object_component id="oc-37">
         <name>.debug_line</name>
         <load_address>0x6af</load_address>
         <run_address>0x6af</run_address>
         <size>0x1d6</size>
         <input_file_ref idref="fl-7"/>
      </object_component>
      <object_component id="oc-3d">
         <name>.debug_line</name>
         <load_address>0x885</load_address>
         <run_address>0x885</run_address>
         <size>0xf7</size>
         <input_file_ref idref="fl-8"/>
      </object_component>
      <object_component id="oc-44">
         <name>.debug_line</name>
         <load_address>0x97c</load_address>
         <run_address>0x97c</run_address>
         <size>0x66e</size>
         <input_file_ref idref="fl-11"/>
      </object_component>
      <object_component id="oc-49">
         <name>.debug_line</name>
         <load_address>0xfea</load_address>
         <run_address>0xfea</run_address>
         <size>0x6ca</size>
         <input_file_ref idref="fl-12"/>
      </object_component>
      <object_component id="oc-4f">
         <name>.debug_line</name>
         <load_address>0x16b4</load_address>
         <run_address>0x16b4</run_address>
         <size>0x69c</size>
         <input_file_ref idref="fl-13"/>
      </object_component>
      <object_component id="oc-54">
         <name>.debug_line</name>
         <load_address>0x1d50</load_address>
         <run_address>0x1d50</run_address>
         <size>0x659</size>
         <input_file_ref idref="fl-14"/>
      </object_component>
      <object_component id="oc-5a">
         <name>.debug_line</name>
         <load_address>0x23a9</load_address>
         <run_address>0x23a9</run_address>
         <size>0x653</size>
         <input_file_ref idref="fl-15"/>
      </object_component>
      <object_component id="oc-5f">
         <name>.debug_line</name>
         <load_address>0x29fc</load_address>
         <run_address>0x29fc</run_address>
         <size>0x59c</size>
         <input_file_ref idref="fl-16"/>
      </object_component>
      <object_component id="oc-64">
         <name>.debug_line</name>
         <load_address>0x2f98</load_address>
         <run_address>0x2f98</run_address>
         <size>0xa8</size>
         <input_file_ref idref="fl-17"/>
      </object_component>
      <object_component id="oc-69">
         <name>.debug_line</name>
         <load_address>0x3040</load_address>
         <run_address>0x3040</run_address>
         <size>0x94b</size>
         <input_file_ref idref="fl-18"/>
      </object_component>
      <object_component id="oc-6d">
         <name>.debug_line</name>
         <load_address>0x398b</load_address>
         <run_address>0x398b</run_address>
         <size>0xab</size>
         <input_file_ref idref="fl-19"/>
      </object_component>
      <object_component id="oc-73">
         <name>.debug_line</name>
         <load_address>0x3a36</load_address>
         <run_address>0x3a36</run_address>
         <size>0x83c</size>
         <input_file_ref idref="fl-1a"/>
      </object_component>
      <object_component id="oc-7a">
         <name>.debug_line</name>
         <load_address>0x4272</load_address>
         <run_address>0x4272</run_address>
         <size>0x94c</size>
         <input_file_ref idref="fl-1b"/>
      </object_component>
      <object_component id="oc-80">
         <name>.debug_line</name>
         <load_address>0x4bbe</load_address>
         <run_address>0x4bbe</run_address>
         <size>0x96d</size>
         <input_file_ref idref="fl-1c"/>
      </object_component>
      <object_component id="oc-85">
         <name>.debug_line</name>
         <load_address>0x552b</load_address>
         <run_address>0x552b</run_address>
         <size>0x7c8</size>
         <input_file_ref idref="fl-1d"/>
      </object_component>
      <object_component id="oc-89">
         <name>.debug_line</name>
         <load_address>0x5cf3</load_address>
         <run_address>0x5cf3</run_address>
         <size>0x5c</size>
         <input_file_ref idref="fl-1e"/>
      </object_component>
      <object_component id="oc-8d">
         <name>.debug_line</name>
         <load_address>0x5d4f</load_address>
         <run_address>0x5d4f</run_address>
         <size>0x54</size>
         <input_file_ref idref="fl-1f"/>
      </object_component>
      <object_component id="oc-91">
         <name>.debug_line</name>
         <load_address>0x5da3</load_address>
         <run_address>0x5da3</run_address>
         <size>0xad</size>
         <input_file_ref idref="fl-20"/>
      </object_component>
      <object_component id="oc-98">
         <name>.debug_line</name>
         <load_address>0x5e50</load_address>
         <run_address>0x5e50</run_address>
         <size>0x54</size>
         <input_file_ref idref="fl-21"/>
      </object_component>
      <object_component id="oc-9c">
         <name>.debug_line</name>
         <load_address>0x5ea4</load_address>
         <run_address>0x5ea4</run_address>
         <size>0x5b</size>
         <input_file_ref idref="fl-22"/>
      </object_component>
      <object_component id="oc-a0">
         <name>.debug_line</name>
         <load_address>0x5eff</load_address>
         <run_address>0x5eff</run_address>
         <size>0x44</size>
         <input_file_ref idref="fl-23"/>
      </object_component>
      <object_component id="oc-a7">
         <name>.debug_line</name>
         <load_address>0x5f43</load_address>
         <run_address>0x5f43</run_address>
         <size>0x51</size>
         <input_file_ref idref="fl-24"/>
      </object_component>
      <object_component id="oc-ab">
         <name>.debug_line</name>
         <load_address>0x5f94</load_address>
         <run_address>0x5f94</run_address>
         <size>0x3d</size>
         <input_file_ref idref="fl-25"/>
      </object_component>
      <object_component id="oc-af">
         <name>.debug_line</name>
         <load_address>0x5fd1</load_address>
         <run_address>0x5fd1</run_address>
         <size>0x3d</size>
         <input_file_ref idref="fl-26"/>
      </object_component>
      <object_component id="oc-b3">
         <name>.debug_line</name>
         <load_address>0x600e</load_address>
         <run_address>0x600e</run_address>
         <size>0x3d</size>
         <input_file_ref idref="fl-27"/>
      </object_component>
      <object_component id="oc-b8">
         <name>.debug_line</name>
         <load_address>0x604b</load_address>
         <run_address>0x604b</run_address>
         <size>0x44</size>
         <input_file_ref idref="fl-28"/>
      </object_component>
      <object_component id="oc-bc">
         <name>.debug_line</name>
         <load_address>0x608f</load_address>
         <run_address>0x608f</run_address>
         <size>0x40</size>
         <input_file_ref idref="fl-29"/>
      </object_component>
      <object_component id="oc-c0">
         <name>.debug_line</name>
         <load_address>0x60cf</load_address>
         <run_address>0x60cf</run_address>
         <size>0x5c</size>
         <input_file_ref idref="fl-2a"/>
      </object_component>
      <object_component id="oc-c4">
         <name>.debug_line</name>
         <load_address>0x612b</load_address>
         <run_address>0x612b</run_address>
         <size>0x3c</size>
         <input_file_ref idref="fl-2b"/>
      </object_component>
      <object_component id="oc-c9">
         <name>.debug_line</name>
         <load_address>0x6167</load_address>
         <run_address>0x6167</run_address>
         <size>0x3c</size>
         <input_file_ref idref="fl-2c"/>
      </object_component>
      <object_component id="oc-cd">
         <name>.debug_line</name>
         <load_address>0x61a3</load_address>
         <run_address>0x61a3</run_address>
         <size>0x3c</size>
         <input_file_ref idref="fl-2d"/>
      </object_component>
      <object_component id="oc-d1">
[...]
      </symbol>
      <symbol id="sm-482">
         <name>_GPIO_read</name>
         <value>0x23860</value>
         <object_component_ref idref="oc-82"/>
      </symbol>
      <symbol id="sm-483">
         <name>_GPIO_close</name>
         <value>0x2372f</value>
         <object_component_ref idref="oc-82"/>
      </symbol>
      <symbol id="sm-484">
         <name>_GPIO_enableInt</name>
         <value>0x23b4c</value>
         <object_component_ref idref="oc-82"/>
      </symbol>
      <symbol id="sm-485">
         <name>_GPIO_clearInt</name>
         <value>0x23bd6</value>
         <object_component_ref idref="oc-82"/>
      </symbol>
      <symbol id="sm-486">
         <name>_GPIO_statusBit</name>
         <value>0x23c62</value>
         <object_component_ref idref="oc-82"/>
      </symbol>
      <symbol id="sm-487">
         <name>_GPIO_configBit</name>
         <value>0x23986</value>
         <object_component_ref idref="oc-82"/>
      </symbol>
      <symbol id="sm-488">
         <name>_GPIO_reset</name>
         <value>0x23ce9</value>
         <object_component_ref idref="oc-82"/>
      </symbol>
      <symbol id="sm-489">
         <name>_GPIO_getConfig</name>
         <value>0x237d8</value>
         <object_component_ref idref="oc-82"/>
      </symbol>
      <symbol id="sm-48a">
         <name>_GPIO_disableInt</name>
         <value>0x23ace</value>
         <object_component_ref idref="oc-82"/>
      </symbol>
      <symbol id="sm-48b">
         <name>_GPIO_config</name>
         <value>0x23753</value>
         <object_component_ref idref="oc-82"/>
      </symbol>
      <symbol id="sm-48c">
         <name>_GPIO_open</name>
         <value>0x236eb</value>
         <object_component_ref idref="oc-82"/>
      </symbol>
      <symbol id="sm-496">
         <name>__addd</name>
         <value>0x26cae</value>
         <object_component_ref idref="oc-87"/>
      </symbol>
      <symbol id="sm-4a2">
         <name>__sysstack</name>
         <value>0x20c0</value>
         <object_component_ref idref="oc-175"/>
      </symbol>
      <symbol id="sm-4a3">
         <name>_c_int00</name>
         <value>0x28d45</value>
         <object_component_ref idref="oc-10"/>
      </symbol>
      <symbol id="sm-4a4">
         <name>__stack</name>
         <value>0xc0</value>
         <object_component_ref idref="oc-8b"/>
      </symbol>
      <symbol id="sm-4ae">
         <name>__eqld</name>
         <value>0x27470</value>
         <object_component_ref idref="oc-8f"/>
      </symbol>
      <symbol id="sm-4af">
         <name>__cmpd</name>
         <value>0x274a4</value>
         <object_component_ref idref="oc-8f"/>
      </symbol>
      <symbol id="sm-4b0">
         <name>__neqd</name>
         <value>0x27312</value>
         <object_component_ref idref="oc-8f"/>
      </symbol>
      <symbol id="sm-4b1">
         <name>__gtrd</name>
         <value>0x273db</value>
         <object_component_ref idref="oc-8f"/>
      </symbol>
      <symbol id="sm-4b2">
         <name>__geqd</name>
         <value>0x27426</value>
         <object_component_ref idref="oc-8f"/>
      </symbol>
      <symbol id="sm-4b3">
         <name>__leqd</name>
         <value>0x2738e</value>
         <object_component_ref idref="oc-8f"/>
      </symbol>
      <symbol id="sm-4b4">
         <name>__lssd</name>
         <value>0x27346</value>
         <object_component_ref idref="oc-8f"/>
      </symbol>
      <symbol id="sm-4c5">
         <name>_cos</name>
         <value>0x26f08</value>
         <object_component_ref idref="oc-93"/>
      </symbol>
      <symbol id="sm-4d1">
         <name>__divd</name>
         <value>0x25bae</value>
         <object_component_ref idref="oc-9a"/>
      </symbol>
      <symbol id="sm-4dc">
         <name>__divul</name>
         <value>0x28311</value>
         <object_component_ref idref="oc-9e"/>
      </symbol>
      <symbol id="sm-4ec">
         <name>C$$EXIT</name>
         <value>0x28e6a</value>
         <object_component_ref idref="oc-a6"/>
      </symbol>
      <symbol id="sm-4ed">
         <name>_exit</name>
         <value>0x28ccb</value>
         <object_component_ref idref="oc-a2"/>
      </symbol>
      <symbol id="sm-4ee">
         <name>_abort</name>
         <value>0x28e69</value>
         <object_component_ref idref="oc-a6"/>
      </symbol>
      <symbol id="sm-4ef">
         <name>__cleanup_ptr</name>
         <value>0x65bc</value>
         <object_component_ref idref="oc-a3"/>
      </symbol>
      <symbol id="sm-4f0">
         <name>__dtors_ptr</name>
         <value>0x65c0</value>
         <object_component_ref idref="oc-a3"/>
      </symbol>
      <symbol id="sm-4fa">
         <name>__fixdi</name>
         <value>0x28d79</value>
         <object_component_ref idref="oc-a9"/>
      </symbol>
      <symbol id="sm-504">
         <name>__fixdli</name>
         <value>0x287a6</value>
         <object_component_ref idref="oc-ad"/>
      </symbol>
      <symbol id="sm-50e">
         <name>__fltid</name>
         <value>0x28e53</value>
         <object_component_ref idref="oc-b1"/>
      </symbol>
      <symbol id="sm-51a">
         <name>__fltlid</name>
         <value>0x2895a</value>
         <object_component_ref idref="oc-b5"/>
      </symbol>
      <symbol id="sm-524">
         <name>__frcmpyd_div</name>
         <value>0x286c1</value>
         <object_component_ref idref="oc-ba"/>
      </symbol>
      <symbol id="sm-52c">
         <name>__remi</name>
         <value>0x28d28</value>
         <object_component_ref idref="oc-be"/>
      </symbol>
      <symbol id="sm-52d">
         <name>__divi</name>
         <value>0x28d09</value>
         <object_component_ref idref="oc-be"/>
      </symbol>
      <symbol id="sm-52e">
         <name>I$$MOD</name>
         <value>0x28d28</value>
         <object_component_ref idref="oc-be"/>
      </symbol>
      <symbol id="sm-52f">
         <name>I$$DIV</name>
         <value>0x28d09</value>
         <object_component_ref idref="oc-be"/>
      </symbol>
      <symbol id="sm-537">
         <name>__mpyli</name>
         <value>0x28e1e</value>
         <object_component_ref idref="oc-c2"/>
      </symbol>
      <symbol id="sm-538">
         <name>I$$LMPY</name>
         <value>0x28e1e</value>
         <object_component_ref idref="oc-c2"/>
      </symbol>
      <symbol id="sm-544">
         <name>_modf</name>
         <value>0x280f2</value>
         <object_component_ref idref="oc-c6"/>
      </symbol>
      <symbol id="sm-54e">
         <name>__mpyd</name>
         <value>0x2796b</value>
         <object_component_ref idref="oc-cb"/>
      </symbol>
      <symbol id="sm-558">
         <name>__negd</name>
         <value>0x28e43</value>
         <object_component_ref idref="oc-cf"/>
      </symbol>
      <symbol id="sm-562">
         <name>_printf</name>
         <value>0x28ad0</value>
         <object_component_ref idref="oc-d3"/>
      </symbol>
      <symbol id="sm-56d">
         <name>__remul</name>
         <value>0x28734</value>
         <object_component_ref idref="oc-d7"/>
      </symbol>
      <symbol id="sm-579">
         <name>__nround</name>
         <value>0x289c1</value>
         <object_component_ref idref="oc-db"/>
      </symbol>
      <symbol id="sm-58a">
         <name>_sin</name>
         <value>0x27120</value>
         <object_component_ref idref="oc-e0"/>
      </symbol>
      <symbol id="sm-594">
         <name>__subd</name>
         <value>0x28e0a</value>
         <object_component_ref idref="oc-e7"/>
      </symbol>
      <symbol id="sm-5a0">
         <name>__trunc</name>
         <value>0x28c4b</value>
         <object_component_ref idref="oc-eb"/>
      </symbol>
      <symbol id="sm-5aa">
         <name>_Reset</name>
         <value>0x4ff00</value>
         <object_component_ref idref="oc-11"/>
      </symbol>
      <symbol id="sm-5b8">
         <name>__unlock</name>
         <value>0x65b8</value>
         <object_component_ref idref="oc-f5"/>
      </symbol>
      <symbol id="sm-5b9">
         <name>__lock</name>
         <value>0x65b4</value>
         <object_component_ref idref="oc-f5"/>
      </symbol>
      <symbol id="sm-5ba">
         <name>__register_lock</name>
         <value>0x28e39</value>
         <object_component_ref idref="oc-f4"/>
      </symbol>
      <symbol id="sm-5bb">
         <name>__nop</name>
         <value>0x28e41</value>
         <object_component_ref idref="oc-f4"/>
      </symbol>
      <symbol id="sm-5bc">
         <name>__register_unlock</name>
         <value>0x28e31</value>
         <object_component_ref idref="oc-f4"/>
      </symbol>
      <symbol id="sm-5ce">
         <name>__printfi</name>
         <value>0x21362</value>
         <object_component_ref idref="oc-fa"/>
      </symbol>
      <symbol id="sm-5d8">
         <name>__args_main</name>
         <value>0x28b6d</value>
         <object_component_ref idref="oc-100"/>
      </symbol>
      <symbol id="sm-5d9">
         <name>__TI_args_main</name>
         <value>0x1</value>
      </symbol>
      <symbol id="sm-5e3">
         <name>_atoi</name>
         <value>0x28a20</value>
         <object_component_ref idref="oc-104"/>
      </symbol>
      <symbol id="sm-5eb">
         <name>_auto_init</name>
         <value>0x28b20</value>
         <object_component_ref idref="oc-108"/>
      </symbol>
      <symbol id="sm-5f3">
         <name>__ctypes_</name>
         <value>0x68b4</value>
         <object_component_ref idref="oc-179"/>
      </symbol>
      <symbol id="sm-5fd">
         <name>__tmpnams</name>
         <value>0x6028</value>
         <object_component_ref idref="oc-10e"/>
      </symbol>
      <symbol id="sm-5fe">
         <name>__ft_end</name>
         <value>0x6168</value>
         <object_component_ref idref="oc-10e"/>
      </symbol>
      <symbol id="sm-5ff">
         <name>__ftable</name>
         <value>0x5f38</value>
         <object_component_ref idref="oc-10e"/>
      </symbol>
      <symbol id="sm-609">
         <name>_putchar</name>
         <value>0x28302</value>
         <object_component_ref idref="oc-112"/>
      </symbol>
      <symbol id="sm-60a">
         <name>_putc</name>
         <value>0x2826b</value>
         <object_component_ref idref="oc-112"/>
      </symbol>
      <symbol id="sm-60b">
         <name>_fputc</name>
         <value>0x2826b</value>
         <object_component_ref idref="oc-112"/>
      </symbol>
      <symbol id="sm-619">
         <name>_puts</name>
         <value>0x2793d</value>
         <object_component_ref idref="oc-116"/>
      </symbol>
      <symbol id="sm-61a">
         <name>_fputs</name>
         <value>0x27808</value>
         <object_component_ref idref="oc-116"/>
      </symbol>
      <symbol id="sm-624">
         <name>__frcmpyd</name>
         <value>0x2864b</value>
         <object_component_ref idref="oc-11b"/>
      </symbol>
      <symbol id="sm-62e">
         <name>___isinf</name>
         <value>0x28df0</value>
         <object_component_ref idref="oc-11f"/>
      </symbol>
      <symbol id="sm-638">
         <name>__divull</name>
         <value>0x26b85</value>
         <object_component_ref idref="oc-123"/>
      </symbol>
      <symbol id="sm-639">
         <name>__mpylli</name>
         <value>0x26acd</value>
         <object_component_ref idref="oc-123"/>
      </symbol>
      <symbol id="sm-63a">
         <name>__remlli</name>
         <value>0x26a9e</value>
         <object_component_ref idref="oc-123"/>
      </symbol>
      <symbol id="sm-63b">
         <name>__divlli</name>
         <value>0x26c79</value>
         <object_component_ref idref="oc-123"/>
      </symbol>
      <symbol id="sm-63c">
         <name>__remull</name>
         <value>0x26a50</value>
         <object_component_ref idref="oc-123"/>
      </symbol>
      <symbol id="sm-64e">
         <name>_add_device</name>
         <value>0x24cd4</value>
         <object_component_ref idref="oc-127"/>
      </symbol>
      <symbol id="sm-64f">
         <name>_rename</name>
         <value>0x249f6</value>
         <object_component_ref idref="oc-127"/>
      </symbol>
      <symbol id="sm-650">
         <name>_read</name>
         <value>0x24a85</value>
         <object_component_ref idref="oc-127"/>
      </symbol>
      <symbol id="sm-651">
         <name>_unlink</name>
         <value>0x249c3</value>
         <object_component_ref idref="oc-127"/>
      </symbol>
      <symbol id="sm-652">
         <name>_remove_device</name>
         <value>0x24a4f</value>
         <object_component_ref idref="oc-127"/>
      </symbol>
      <symbol id="sm-653">
         <name>_open</name>
         <value>0x24b33</value>
         <object_component_ref idref="oc-127"/>
      </symbol>
      <symbol id="sm-654">
         <name>_find_registered_device</name>
         <value>0x24c58</value>
         <object_component_ref idref="oc-127"/>
      </symbol>
      <symbol id="sm-655">
         <name>_lseek</name>
         <value>0x24bf2</value>
         <object_component_ref idref="oc-127"/>
      </symbol>
      <symbol id="sm-656">
         <name>_close</name>
         <value>0x24c61</value>
         <object_component_ref idref="oc-127"/>
      </symbol>
      <symbol id="sm-657">
         <name>_write</name>
         <value>0x24881</value>
         <object_component_ref idref="oc-127"/>
      </symbol>
      <symbol id="sm-661">
         <name>_ltoa</name>
         <value>0x28553</value>
         <object_component_ref idref="oc-12d"/>
      </symbol>
      <symbol id="sm-66c">
         <name>_memccpy</name>
         <value>0x28dcd</value>
         <object_component_ref idref="oc-131"/>
      </symbol>
      <symbol id="sm-674">
         <name>_memcpy</name>
         <value>0x28c8c</value>
         <object_component_ref idref="oc-135"/>
      </symbol>
      <symbol id="sm-67e">
         <name>__remli</name>
         <value>0x28bb8</value>
         <object_component_ref idref="oc-139"/>
      </symbol>
      <symbol id="sm-68a">
         <name>_HOSTopen</name>
         <value>0x250cf</value>
         <object_component_ref idref="oc-13d"/>
      </symbol>
      <symbol id="sm-68b">
         <name>_HOSTread</name>
         <value>0x25042</value>
         <object_component_ref idref="oc-13d"/>
      </symbol>
      <symbol id="sm-68c">
         <name>_HOSTtime</name>
         <value>0x24f36</value>
         <object_component_ref idref="oc-13d"/>
      </symbol>
      <symbol id="sm-68d">
         <name>_getenv</name>
         <value>0x24dc4</value>
         <object_component_ref idref="oc-13d"/>
      </symbol>
      <symbol id="sm-68e">
         <name>_HOSTrename</name>
         <value>0x24f94</value>
         <object_component_ref idref="oc-13d"/>
      </symbol>
      <symbol id="sm-68f">
         <name>_HOSTclock</name>
         <value>0x2528e</value>
         <object_component_ref idref="oc-13d"/>
      </symbol>
      <symbol id="sm-690">
         <name>_HOSTwrite</name>
         <value>0x24e3f</value>
         <object_component_ref idref="oc-13d"/>
      </symbol>
      <symbol id="sm-691">
         <name>_HOSTlseek</name>
         <value>0x2516e</value>
         <object_component_ref idref="oc-13d"/>
      </symbol>
      <symbol id="sm-692">
         <name>_HOSTunlink</name>
         <value>0x24ecc</value>
         <object_component_ref idref="oc-13d"/>
      </symbol>
      <symbol id="sm-693">
         <name>_HOSTclose</name>
         <value>0x25223</value>
         <object_component_ref idref="oc-13d"/>
      </symbol>
      <symbol id="sm-6a5">
         <name>C$$IO$$</name>
         <value>0x28266</value>
         <object_component_ref idref="oc-145"/>
      </symbol>
      <symbol id="sm-6a6">
         <name>__CIOBUF_</name>
         <value>0x40000</value>
         <object_component_ref idref="oc-144"/>
      </symbol>
      <symbol id="sm-6a7">
         <name>_readmsg</name>
         <value>0x28882</value>
         <object_component_ref idref="oc-142"/>
      </symbol>
      <symbol id="sm-6a8">
         <name>_writemsg</name>
         <value>0x281b1</value>
         <object_component_ref idref="oc-145"/>
      </symbol>
      <symbol id="sm-6b0">
         <name>__remu</name>
         <value>0x28db8</value>
         <object_component_ref idref="oc-148"/>
      </symbol>
      <symbol id="sm-6b1">
         <name>__divu</name>
         <value>0x28da3</value>
         <object_component_ref idref="oc-148"/>
      </symbol>
      <symbol id="sm-6b2">
         <name>I$$UMOD</name>
         <value>0x28db8</value>
         <object_component_ref idref="oc-148"/>
      </symbol>
      <symbol id="sm-6b3">
         <name>I$$UDIV</name>
         <value>0x28da3</value>
         <object_component_ref idref="oc-148"/>
      </symbol>
      <symbol id="sm-6bd">
         <name>__rd_ok</name>
         <value>0x27e44</value>
         <object_component_ref idref="oc-14c"/>
      </symbol>
      <symbol id="sm-6be">
         <name>__wrt_ok</name>
         <value>0x27dc4</value>
         <object_component_ref idref="oc-14c"/>
      </symbol>
      <symbol id="sm-6c8">
         <name>__divli</name>
         <value>0x28c03</value>
         <object_component_ref idref="oc-150"/>
      </symbol>
      <symbol id="sm-6d2">
         <name>__doflush</name>
         <value>0x28030</value>
         <object_component_ref idref="oc-154"/>
      </symbol>
      <symbol id="sm-6d3">
         <name>_fflush</name>
         <value>0x28099</value>
         <object_component_ref idref="oc-154"/>
      </symbol>
      <symbol id="sm-6dd">
         <name>_fseek</name>
         <value>0x288ef</value>
         <object_component_ref idref="oc-158"/>
      </symbol>
      <symbol id="sm-6e7">
         <name>_setvbuf</name>
         <value>0x27cde</value>
         <object_component_ref idref="oc-15c"/>
      </symbol>
      <symbol id="sm-6f6">
         <name>__cleanup</name>
         <value>0x26688</value>
         <object_component_ref idref="oc-160"/>
      </symbol>
      <symbol id="sm-6f7">
         <name>_fopen</name>
         <value>0x267ab</value>
         <object_component_ref idref="oc-160"/>
      </symbol>
      <symbol id="sm-6f8">
         <name>_freopen</name>
         <value>0x266e2</value>
         <object_component_ref idref="oc-160"/>
      </symbol>
      <symbol id="sm-708">
         <name>__sys_memory</name>
         <value>0x30c0</value>
         <object_component_ref idref="oc-16a"/>
      </symbol>
      <symbol id="sm-709">
         <name>_chkheap</name>
         <value>0x25773</value>
         <object_component_ref idref="oc-166"/>
      </symbol>
      <symbol id="sm-70a">
         <name>_realloc</name>
         <value>0x25512</value>
         <object_component_ref idref="oc-166"/>
      </symbol>
      <symbol id="sm-70b">
         <name>_free_memory</name>
         <value>0x2571d</value>
         <object_component_ref idref="oc-166"/>
      </symbol>
      <symbol id="sm-70c">
         <name>_max_free</name>
         <value>0x256c3</value>
         <object_component_ref idref="oc-166"/>
      </symbol>
      <symbol id="sm-70d">
         <name>_free</name>
         <value>0x252ec</value>
         <object_component_ref idref="oc-166"/>
      </symbol>
      <symbol id="sm-70e">
         <name>_calloc</name>
         <value>0x2577b</value>
         <object_component_ref idref="oc-166"/>
      </symbol>
      <symbol id="sm-70f">
         <name>_malloc</name>
         <value>0x2541d</value>
         <object_component_ref idref="oc-166"/>
      </symbol>
      <symbol id="sm-710">
         <name>_minit</name>
         <value>0x253b8</value>
         <object_component_ref idref="oc-166"/>
      </symbol>
      <symbol id="sm-71a">
         <name>_fclose</name>
         <value>0x285d0</value>
         <object_component_ref idref="oc-16d"/>
      </symbol>
      <symbol id="sm-724">
         <name>_remove</name>
         <value>0x28e5f</value>
         <object_component_ref idref="oc-171"/>
      </symbol>
   </symbol_table>
</link_info>
