<?xml version="1.0"?>
<link_info>
   <banner>TMS320C55x Linker PC v4.4.1</banner>
   <copyright>Copyright (c) 1996-2012 Texas Instruments Incorporated</copyright>
   <link_time>0x5ac31b8e</link_time>
   <output_file>EQ sim.out</output_file>
   <entry_point>
      <name>_c_int00</name>
      <address>0x2539e</address>
   </entry_point>
   <input_file_list>
      <input_file id="fl-2">
         <path>.\</path>
         <kind>object</kind>
         <file>EZDSP5535_SAR_sim.obj</file>
         <name>EZDSP5535_SAR_sim.obj</name>
      </input_file>
      <input_file id="fl-3">
         <path>.\</path>
         <kind>object</kind>
         <file>aic3204.obj</file>
         <name>aic3204.obj</name>
      </input_file>
      <input_file id="fl-4">
         <path>.\</path>
         <kind>object</kind>
         <file>aic3204_init.obj</file>
         <name>aic3204_init.obj</name>
      </input_file>
      <input_file id="fl-5">
         <path>.\</path>
         <kind>object</kind>
         <file>ezdsp5535_aic3204_dma.obj</file>
         <name>ezdsp5535_aic3204_dma.obj</name>
      </input_file>
      <input_file id="fl-6">
         <path>.\</path>
         <kind>object</kind>
         <file>iir.obj</file>
         <name>iir.obj</name>
      </input_file>
      <input_file id="fl-7">
         <path>.\</path>
         <kind>object</kind>
         <file>main.obj</file>
         <name>main.obj</name>
      </input_file>
      <input_file id="fl-8">
         <path>.\</path>
         <kind>object</kind>
         <file>print_number.obj</file>
         <name>print_number.obj</name>
      </input_file>
      <input_file id="fl-9">
         <path>.\</path>
         <kind>object</kind>
         <file>processing.obj</file>
         <name>processing.obj</name>
      </input_file>
      <input_file id="fl-13">
         <path>..\lib\</path>
         <kind>archive</kind>
         <file>ezdsp5535bsl.lib</file>
         <name>ezdsp5535.obj</name>
      </input_file>
      <input_file id="fl-27">
         <path>C:\ti\ccsv6\tools\compiler\c5500_4.4.1\lib\</path>
         <kind>archive</kind>
         <file>rts55x.lib</file>
         <name>addd.obj</name>
      </input_file>
      <input_file id="fl-28">
         <path>C:\ti\ccsv6\tools\compiler\c5500_4.4.1\lib\</path>
         <kind>archive</kind>
         <file>rts55x.lib</file>
         <name>boot.obj</name>
      </input_file>
      <input_file id="fl-29">
         <path>C:\ti\ccsv6\tools\compiler\c5500_4.4.1\lib\</path>
         <kind>archive</kind>
         <file>rts55x.lib</file>
         <name>cmpd.obj</name>
      </input_file>
      <input_file id="fl-2a">
         <path>C:\ti\ccsv6\tools\compiler\c5500_4.4.1\lib\</path>
         <kind>archive</kind>
         <file>rts55x.lib</file>
         <name>cos.obj</name>
      </input_file>
      <input_file id="fl-2b">
         <path>C:\ti\ccsv6\tools\compiler\c5500_4.4.1\lib\</path>
         <kind>archive</kind>
         <file>rts55x.lib</file>
         <name>divd.obj</name>
      </input_file>
      <input_file id="fl-2c">
         <path>C:\ti\ccsv6\tools\compiler\c5500_4.4.1\lib\</path>
         <kind>archive</kind>
         <file>rts55x.lib</file>
         <name>exit.obj</name>
      </input_file>
      <input_file id="fl-2d">
         <path>C:\ti\ccsv6\tools\compiler\c5500_4.4.1\lib\</path>
         <kind>archive</kind>
         <file>rts55x.lib</file>
         <name>fclose.obj</name>
      </input_file>
      <input_file id="fl-2e">
         <path>C:\ti\ccsv6\tools\compiler\c5500_4.4.1\lib\</path>
         <kind>archive</kind>
         <file>rts55x.lib</file>
         <name>fflush.obj</name>
      </input_file>
      <input_file id="fl-2f">
         <path>C:\ti\ccsv6\tools\compiler\c5500_4.4.1\lib\</path>
         <kind>archive</kind>
         <file>rts55x.lib</file>
         <name>fixdi.obj</name>
      </input_file>
      <input_file id="fl-30">
         <path>C:\ti\ccsv6\tools\compiler\c5500_4.4.1\lib\</path>
         <kind>archive</kind>
         <file>rts55x.lib</file>
         <name>fixdli.obj</name>
      </input_file>
      <input_file id="fl-31">
         <path>C:\ti\ccsv6\tools\compiler\c5500_4.4.1\lib\</path>
         <kind>archive</kind>
         <file>rts55x.lib</file>
         <name>fltid.obj</name>
      </input_file>
      <input_file id="fl-32">
         <path>C:\ti\ccsv6\tools\compiler\c5500_4.4.1\lib\</path>
         <kind>archive</kind>
         <file>rts55x.lib</file>
         <name>fltlid.obj</name>
      </input_file>
      <input_file id="fl-33">
         <path>C:\ti\ccsv6\tools\compiler\c5500_4.4.1\lib\</path>
         <kind>archive</kind>
         <file>rts55x.lib</file>
         <name>fopen.obj</name>
      </input_file>
      <input_file id="fl-34">
         <path>C:\ti\ccsv6\tools\compiler\c5500_4.4.1\lib\</path>
         <kind>archive</kind>
         <file>rts55x.lib</file>
         <name>frcmpyd_div.obj</name>
      </input_file>
      <input_file id="fl-35">
         <path>C:\ti\ccsv6\tools\compiler\c5500_4.4.1\lib\</path>
         <kind>archive</kind>
         <file>rts55x.lib</file>
         <name>fread.obj</name>
      </input_file>
      <input_file id="fl-36">
         <path>C:\ti\ccsv6\tools\compiler\c5500_4.4.1\lib\</path>
         <kind>archive</kind>
         <file>rts55x.lib</file>
         <name>fwrite.obj</name>
      </input_file>
      <input_file id="fl-37">
         <path>C:\ti\ccsv6\tools\compiler\c5500_4.4.1\lib\</path>
         <kind>archive</kind>
         <file>rts55x.lib</file>
         <name>idiv.obj</name>
      </input_file>
      <input_file id="fl-38">
         <path>C:\ti\ccsv6\tools\compiler\c5500_4.4.1\lib\</path>
         <kind>archive</kind>
         <file>rts55x.lib</file>
         <name>lmpy.obj</name>
      </input_file>
      <input_file id="fl-39">
         <path>C:\ti\ccsv6\tools\compiler\c5500_4.4.1\lib\</path>
         <kind>archive</kind>
         <file>rts55x.lib</file>
         <name>lowlev.obj</name>
      </input_file>
      <input_file id="fl-3a">
         <path>C:\ti\ccsv6\tools\compiler\c5500_4.4.1\lib\</path>
         <kind>archive</kind>
         <file>rts55x.lib</file>
         <name>memcpy.obj</name>
      </input_file>
      <input_file id="fl-3b">
         <path>C:\ti\ccsv6\tools\compiler\c5500_4.4.1\lib\</path>
         <kind>archive</kind>
         <file>rts55x.lib</file>
         <name>memory.obj</name>
      </input_file>
      <input_file id="fl-3c">
         <path>C:\ti\ccsv6\tools\compiler\c5500_4.4.1\lib\</path>
         <kind>archive</kind>
         <file>rts55x.lib</file>
         <name>modf.obj</name>
      </input_file>
      <input_file id="fl-3d">
         <path>C:\ti\ccsv6\tools\compiler\c5500_4.4.1\lib\</path>
         <kind>archive</kind>
         <file>rts55x.lib</file>
         <name>mpyd.obj</name>
      </input_file>
      <input_file id="fl-3e">
         <path>C:\ti\ccsv6\tools\compiler\c5500_4.4.1\lib\</path>
         <kind>archive</kind>
         <file>rts55x.lib</file>
         <name>negd.obj</name>
      </input_file>
      <input_file id="fl-3f">
         <path>C:\ti\ccsv6\tools\compiler\c5500_4.4.1\lib\</path>
         <kind>archive</kind>
         <file>rts55x.lib</file>
         <name>printf.obj</name>
      </input_file>
      <input_file id="fl-40">
         <path>C:\ti\ccsv6\tools\compiler\c5500_4.4.1\lib\</path>
         <kind>archive</kind>
         <file>rts55x.lib</file>
         <name>remove.obj</name>
      </input_file>
      <input_file id="fl-41">
         <path>C:\ti\ccsv6\tools\compiler\c5500_4.4.1\lib\</path>
         <kind>archive</kind>
         <file>rts55x.lib</file>
         <name>round.obj</name>
      </input_file>
      <input_file id="fl-42">
         <path>C:\ti\ccsv6\tools\compiler\c5500_4.4.1\lib\</path>
         <kind>archive</kind>
         <file>rts55x.lib</file>
         <name>sin.obj</name>
      </input_file>
      <input_file id="fl-43">
         <path>C:\ti\ccsv6\tools\compiler\c5500_4.4.1\lib\</path>
         <kind>archive</kind>
         <file>rts55x.lib</file>
         <name>subd.obj</name>
      </input_file>
      <input_file id="fl-44">
         <path>C:\ti\ccsv6\tools\compiler\c5500_4.4.1\lib\</path>
         <kind>archive</kind>
         <file>rts55x.lib</file>
         <name>trgdrv.obj</name>
      </input_file>
      <input_file id="fl-45">
         <path>C:\ti\ccsv6\tools\compiler\c5500_4.4.1\lib\</path>
         <kind>archive</kind>
         <file>rts55x.lib</file>
         <name>trgmsg.obj</name>
      </input_file>
      <input_file id="fl-46">
         <path>C:\ti\ccsv6\tools\compiler\c5500_4.4.1\lib\</path>
         <kind>archive</kind>
         <file>rts55x.lib</file>
         <name>trunc.obj</name>
      </input_file>
      <input_file id="fl-47">
         <path>C:\ti\ccsv6\tools\compiler\c5500_4.4.1\lib\</path>
         <kind>archive</kind>
         <file>rts55x.lib</file>
         <name>udiv.obj</name>
      </input_file>
      <input_file id="fl-48">
         <path>C:\ti\ccsv6\tools\compiler\c5500_4.4.1\lib\</path>
         <kind>archive</kind>
         <file>rts55x.lib</file>
         <name>vectors.obj</name>
      </input_file>
      <input_file id="fl-49">
         <path>C:\ti\ccsv6\tools\compiler\c5500_4.4.1\lib\</path>
         <kind>archive</kind>
         <file>rts55x.lib</file>
         <name>_bufread.obj</name>
      </input_file>
      <input_file id="fl-4a">
         <path>C:\ti\ccsv6\tools\compiler\c5500_4.4.1\lib\</path>
         <kind>archive</kind>
         <file>rts55x.lib</file>
         <name>_io_perm.obj</name>
      </input_file>
      <input_file id="fl-4b">
         <path>C:\ti\ccsv6\tools\compiler\c5500_4.4.1\lib\</path>
         <kind>archive</kind>
         <file>rts55x.lib</file>
         <name>_lock.obj</name>
      </input_file>
      <input_file id="fl-4c">
         <path>C:\ti\ccsv6\tools\compiler\c5500_4.4.1\lib\</path>
         <kind>archive</kind>
         <file>rts55x.lib</file>
         <name>_printfi.obj</name>
      </input_file>
      <input_file id="fl-4d">
         <path>C:\ti\ccsv6\tools\compiler\c5500_4.4.1\lib\</path>
         <kind>archive</kind>
         <file>rts55x.lib</file>
         <name>args_main.obj</name>
      </input_file>
      <input_file id="fl-4e">
         <path>C:\ti\ccsv6\tools\compiler\c5500_4.4.1\lib\</path>
         <kind>archive</kind>
         <file>rts55x.lib</file>
         <name>atoi.obj</name>
      </input_file>
      <input_file id="fl-4f">
         <path>C:\ti\ccsv6\tools\compiler\c5500_4.4.1\lib\</path>
         <kind>archive</kind>
         <file>rts55x.lib</file>
         <name>autoinit.obj</name>
      </input_file>
      <input_file id="fl-50">
         <path>C:\ti\ccsv6\tools\compiler\c5500_4.4.1\lib\</path>
         <kind>archive</kind>
         <file>rts55x.lib</file>
         <name>ctype.obj</name>
      </input_file>
      <input_file id="fl-51">
         <path>C:\ti\ccsv6\tools\compiler\c5500_4.4.1\lib\</path>
         <kind>archive</kind>
         <file>rts55x.lib</file>
         <name>defs.obj</name>
      </input_file>
      <input_file id="fl-52">
         <path>C:\ti\ccsv6\tools\compiler\c5500_4.4.1\lib\</path>
         <kind>archive</kind>
         <file>rts55x.lib</file>
         <name>divul.obj</name>
      </input_file>
      <input_file id="fl-53">
         <path>C:\ti\ccsv6\tools\compiler\c5500_4.4.1\lib\</path>
         <kind>archive</kind>
         <file>rts55x.lib</file>
         <name>fputc.obj</name>
      </input_file>
      <input_file id="fl-54">
         <path>C:\ti\ccsv6\tools\compiler\c5500_4.4.1\lib\</path>
         <kind>archive</kind>
         <file>rts55x.lib</file>
         <name>fputs.obj</name>
      </input_file>
      <input_file id="fl-55">
         <path>C:\ti\ccsv6\tools\compiler\c5500_4.4.1\lib\</path>
         <kind>archive</kind>
         <file>rts55x.lib</file>
         <name>frcmpyd.obj</name>
      </input_file>
      <input_file id="fl-56">
         <path>C:\ti\ccsv6\tools\compiler\c5500_4.4.1\lib\</path>
         <kind>archive</kind>
         <file>rts55x.lib</file>
         <name>fseek.obj</name>
      </input_file>
      <input_file id="fl-57">
         <path>C:\ti\ccsv6\tools\compiler\c5500_4.4.1\lib\</path>
         <kind>archive</kind>
         <file>rts55x.lib</file>
         <name>isinf.obj</name>
      </input_file>
      <input_file id="fl-58">
         <path>C:\ti\ccsv6\tools\compiler\c5500_4.4.1\lib\</path>
         <kind>archive</kind>
         <file>rts55x.lib</file>
         <name>llmpy.obj</name>
      </input_file>
      <input_file id="fl-59">
         <path>C:\ti\ccsv6\tools\compiler\c5500_4.4.1\lib\</path>
         <kind>archive</kind>
         <file>rts55x.lib</file>
         <name>ltoa.obj</name>
      </input_file>
      <input_file id="fl-5a">
         <path>C:\ti\ccsv6\tools\compiler\c5500_4.4.1\lib\</path>
         <kind>archive</kind>
         <file>rts55x.lib</file>
         <name>memccpy.obj</name>
      </input_file>
      <input_file id="fl-5b">
         <path>C:\ti\ccsv6\tools\compiler\c5500_4.4.1\lib\</path>
         <kind>archive</kind>
         <file>rts55x.lib</file>
         <name>remli.obj</name>
      </input_file>
      <input_file id="fl-5c">
         <path>C:\ti\ccsv6\tools\compiler\c5500_4.4.1\lib\</path>
         <kind>archive</kind>
         <file>rts55x.lib</file>
         <name>remul.obj</name>
      </input_file>
      <input_file id="fl-5d">
         <path>C:\ti\ccsv6\tools\compiler\c5500_4.4.1\lib\</path>
         <kind>archive</kind>
         <file>rts55x.lib</file>
         <name>setvbuf.obj</name>
      </input_file>
      <input_file id="fl-5e">
         <path>C:\ti\ccsv6\tools\compiler\c5500_4.4.1\lib\</path>
         <kind>archive</kind>
         <file>rts55x.lib</file>
         <name>divli.obj</name>
      </input_file>
   </input_file_list>
   <object_component_list>
      <object_component id="oc-fa">
         <name>.text</name>
         <load_address>0x20000</load_address>
         <run_address>0x20000</run_address>
         <size>0x15a4</size>
         <input_file_ref idref="fl-4c"/>
      </object_component>
      <object_component id="oc-9e">
         <name>.text</name>
         <load_address>0x215a4</load_address>
         <run_address>0x215a4</run_address>
         <size>0x543</size>
         <input_file_ref idref="fl-39"/>
      </object_component>
      <object_component id="oc-d4">
         <name>.text</name>
         <load_address>0x21ae7</load_address>
         <run_address>0x21ae7</run_address>
         <size>0x528</size>
         <input_file_ref idref="fl-44"/>
      </object_component>
      <object_component id="oc-a8">
         <name>.text</name>
         <load_address>0x2200f</load_address>
         <run_address>0x2200f</run_address>
         <size>0x4b5</size>
         <input_file_ref idref="fl-3b"/>
      </object_component>
      <object_component id="oc-60">
         <name>.text</name>
         <load_address>0x224c4</load_address>
         <run_address>0x224c4</run_address>
         <size>0x3cc</size>
         <input_file_ref idref="fl-2b"/>
      </object_component>
      <object_component id="oc-32">
         <name>.text</name>
         <load_address>0x22890</load_address>
         <run_address>0x22890</run_address>
         <size>0x3ba</size>
         <input_file_ref idref="fl-7"/>
      </object_component>
      <object_component id="oc-84">
         <name>.text</name>
         <load_address>0x22c4a</load_address>
         <run_address>0x22c4a</run_address>
         <size>0x27f</size>
         <input_file_ref idref="fl-33"/>
      </object_component>
      <object_component id="oc-42">
         <name>.text</name>
         <load_address>0x22ec9</load_address>
         <run_address>0x22ec9</run_address>
         <size>0x26a</size>
         <input_file_ref idref="fl-9"/>
      </object_component>
      <object_component id="oc-12b">
         <name>.text</name>
         <load_address>0x23133</load_address>
         <run_address>0x23133</run_address>
         <size>0x25e</size>
         <input_file_ref idref="fl-58"/>
      </object_component>
      <object_component id="oc-4d">
         <name>.text</name>
         <load_address>0x23391</load_address>
         <run_address>0x23391</run_address>
         <size>0x25a</size>
         <input_file_ref idref="fl-27"/>
      </object_component>
      <object_component id="oc-59">
         <name>.text</name>
         <load_address>0x235eb</load_address>
         <run_address>0x235eb</run_address>
         <size>0x218</size>
         <input_file_ref idref="fl-2a"/>
      </object_component>
      <object_component id="oc-c9">
         <name>.text</name>
         <load_address>0x23803</load_address>
         <run_address>0x23803</run_address>
         <size>0x1f2</size>
         <input_file_ref idref="fl-42"/>
      </object_component>
      <object_component id="oc-92">
         <name>.text</name>
         <load_address>0x239f5</load_address>
         <run_address>0x239f5</run_address>
         <size>0x1ee</size>
         <input_file_ref idref="fl-36"/>
      </object_component>
      <object_component id="oc-55">
         <name>.text</name>
         <load_address>0x23be3</load_address>
         <run_address>0x23be3</run_address>
         <size>0x1ea</size>
         <input_file_ref idref="fl-29"/>
      </object_component>
      <object_component id="oc-11a">
         <name>.text</name>
         <load_address>0x23dcd</load_address>
         <run_address>0x23dcd</run_address>
         <size>0x163</size>
         <input_file_ref idref="fl-54"/>
      </object_component>
      <object_component id="oc-27">
         <name>.text</name>
         <load_address>0x23f30</load_address>
         <run_address>0x23f30</run_address>
         <size>0x152</size>
         <input_file_ref idref="fl-5"/>
      </object_component>
      <object_component id="oc-b4">
         <name>.text</name>
         <load_address>0x24082</load_address>
         <run_address>0x24082</run_address>
         <size>0x14c</size>
         <input_file_ref idref="fl-3d"/>
      </object_component>
      <object_component id="oc-2d">
         <name>.text</name>
         <load_address>0x241ce</load_address>
         <run_address>0x241ce</run_address>
         <size>0x120</size>
         <input_file_ref idref="fl-6"/>
      </object_component>
      <object_component id="oc-8e">
         <name>.text</name>
         <load_address>0x242ee</load_address>
         <run_address>0x242ee</run_address>
         <size>0x10f</size>
         <input_file_ref idref="fl-35"/>
      </object_component>
      <object_component id="oc-1f">
         <name>.text</name>
         <load_address>0x243fd</load_address>
         <run_address>0x243fd</run_address>
         <size>0xf6</size>
         <input_file_ref idref="fl-4"/>
      </object_component>
      <object_component id="oc-18">
         <name>.text</name>
         <load_address>0x244f3</load_address>
         <run_address>0x244f3</run_address>
         <size>0xf2</size>
         <input_file_ref idref="fl-3"/>
      </object_component>
      <object_component id="oc-13f">
         <name>.text</name>
         <load_address>0x245e5</load_address>
         <run_address>0x245e5</run_address>
         <size>0xe6</size>
         <input_file_ref idref="fl-5d"/>
      </object_component>
      <object_component id="oc-f0">
         <name>.text</name>
         <load_address>0x246cb</load_address>
         <run_address>0x246cb</run_address>
         <size>0xdd</size>
         <input_file_ref idref="fl-4a"/>
      </object_component>
      <object_component id="oc-6f">
         <name>.text</name>
         <load_address>0x247a8</load_address>
         <run_address>0x247a8</run_address>
         <size>0xc2</size>
         <input_file_ref idref="fl-2e"/>
      </object_component>
      <object_component id="oc-af">
         <name>.text</name>
         <load_address>0x2486a</load_address>
         <run_address>0x2486a</run_address>
         <size>0xbf</size>
         <input_file_ref idref="fl-3c"/>
      </object_component>
      <object_component id="oc-dc">
         <name>.text:CIO_breakpoint</name>
         <load_address>0x24929</load_address>
         <run_address>0x24929</run_address>
         <size>0xba</size>
         <input_file_ref idref="fl-45"/>
      </object_component>
      <object_component id="oc-ec">
         <name>.text</name>
         <load_address>0x249e3</load_address>
         <run_address>0x249e3</run_address>
         <size>0xae</size>
         <input_file_ref idref="fl-49"/>
      </object_component>
      <object_component id="oc-116">
         <name>.text</name>
         <load_address>0x24a91</load_address>
         <run_address>0x24a91</run_address>
         <size>0xa6</size>
         <input_file_ref idref="fl-53"/>
      </object_component>
      <object_component id="oc-112">
         <name>.text</name>
         <load_address>0x24b37</load_address>
         <run_address>0x24b37</run_address>
         <size>0xa1</size>
         <input_file_ref idref="fl-52"/>
      </object_component>
      <object_component id="oc-12f">
         <name>.text</name>
         <load_address>0x24bd8</load_address>
         <run_address>0x24bd8</run_address>
         <size>0x7d</size>
         <input_file_ref idref="fl-59"/>
      </object_component>
      <object_component id="oc-6b">
         <name>.text</name>
         <load_address>0x24c55</load_address>
         <run_address>0x24c55</run_address>
         <size>0x7b</size>
         <input_file_ref idref="fl-2d"/>
      </object_component>
      <object_component id="oc-11f">
         <name>.text</name>
         <load_address>0x24cd0</load_address>
         <run_address>0x24cd0</run_address>
         <size>0x76</size>
         <input_file_ref idref="fl-55"/>
      </object_component>
      <object_component id="oc-8a">
         <name>.text</name>
         <load_address>0x24d46</load_address>
         <run_address>0x24d46</run_address>
         <size>0x73</size>
         <input_file_ref idref="fl-34"/>
      </object_component>
      <object_component id="oc-13b">
         <name>.text</name>
         <load_address>0x24db9</load_address>
         <run_address>0x24db9</run_address>
         <size>0x72</size>
         <input_file_ref idref="fl-5c"/>
      </object_component>
      <object_component id="oc-77">
         <name>.text</name>
         <load_address>0x24e2b</load_address>
         <run_address>0x24e2b</run_address>
         <size>0x6f</size>
         <input_file_ref idref="fl-30"/>
      </object_component>
      <object_component id="oc-d9">
         <name>.text</name>
         <load_address>0x24e9a</load_address>
         <run_address>0x24e9a</run_address>
         <size>0x6d</size>
         <input_file_ref idref="fl-45"/>
      </object_component>
      <object_component id="oc-123">
         <name>.text</name>
         <load_address>0x24f07</load_address>
         <run_address>0x24f07</run_address>
         <size>0x6b</size>
         <input_file_ref idref="fl-56"/>
      </object_component>
      <object_component id="oc-7f">
         <name>.text</name>
         <load_address>0x24f72</load_address>
         <run_address>0x24f72</run_address>
         <size>0x67</size>
         <input_file_ref idref="fl-32"/>
      </object_component>
      <object_component id="oc-c4">
         <name>.text</name>
         <load_address>0x24fd9</load_address>
         <run_address>0x24fd9</run_address>
         <size>0x5f</size>
         <input_file_ref idref="fl-41"/>
      </object_component>
      <object_component id="oc-104">
         <name>.text</name>
         <load_address>0x25038</load_address>
         <run_address>0x25038</run_address>
         <size>0x5c</size>
         <input_file_ref idref="fl-4e"/>
      </object_component>
      <object_component id="oc-48">
         <name>.text</name>
         <load_address>0x25094</load_address>
         <run_address>0x25094</run_address>
         <size>0x54</size>
         <input_file_ref idref="fl-13"/>
      </object_component>
      <object_component id="oc-bc">
         <name>.text</name>
         <load_address>0x250e8</load_address>
         <run_address>0x250e8</run_address>
         <size>0x50</size>
         <input_file_ref idref="fl-3f"/>
      </object_component>
      <object_component id="oc-108">
         <name>.text</name>
         <load_address>0x25138</load_address>
         <run_address>0x25138</run_address>
         <size>0x4d</size>
         <input_file_ref idref="fl-4f"/>
      </object_component>
      <object_component id="oc-100">
         <name>.text</name>
         <load_address>0x25185</load_address>
         <run_address>0x25185</run_address>
         <size>0x4b</size>
         <input_file_ref idref="fl-4d"/>
      </object_component>
      <object_component id="oc-137">
         <name>.text</name>
         <load_address>0x251d0</load_address>
         <run_address>0x251d0</run_address>
         <size>0x4b</size>
         <input_file_ref idref="fl-5b"/>
      </object_component>
      <object_component id="oc-143">
         <name>.text</name>
         <load_address>0x2521b</load_address>
         <run_address>0x2521b</run_address>
         <size>0x48</size>
         <input_file_ref idref="fl-5e"/>
      </object_component>
      <object_component id="oc-3b">
         <name>.text</name>
         <load_address>0x25263</load_address>
         <run_address>0x25263</run_address>
         <size>0x41</size>
         <input_file_ref idref="fl-8"/>
      </object_component>
      <object_component id="oc-df">
         <name>.text</name>
         <load_address>0x252a4</load_address>
         <run_address>0x252a4</run_address>
         <size>0x41</size>
         <input_file_ref idref="fl-46"/>
      </object_component>
      <object_component id="oc-a4">
         <name>.text</name>
         <load_address>0x252e5</load_address>
         <run_address>0x252e5</run_address>
         <size>0x3f</size>
         <input_file_ref idref="fl-3a"/>
      </object_component>
      <object_component id="oc-64">
         <name>.text</name>
         <load_address>0x25324</load_address>
         <run_address>0x25324</run_address>
         <size>0x3e</size>
         <input_file_ref idref="fl-2c"/>
      </object_component>
      <object_component id="oc-96">
         <name>.text</name>
         <load_address>0x25362</load_address>
         <run_address>0x25362</run_address>
         <size>0x3c</size>
         <input_file_ref idref="fl-37"/>
      </object_component>
      <object_component id="oc-11">
         <name>.text</name>
         <load_address>0x2539e</load_address>
         <run_address>0x2539e</run_address>
         <size>0x34</size>
         <input_file_ref idref="fl-28"/>
      </object_component>
      <object_component id="oc-73">
         <name>.text</name>
         <load_address>0x253d2</load_address>
         <run_address>0x253d2</run_address>
         <size>0x2a</size>
         <input_file_ref idref="fl-2f"/>
      </object_component>
      <object_component id="oc-e4">
         <name>.text</name>
         <load_address>0x253fc</load_address>
         <run_address>0x253fc</run_address>
         <size>0x2a</size>
         <input_file_ref idref="fl-47"/>
      </object_component>
      <object_component id="oc-133">
         <name>.text</name>
         <load_address>0x25426</load_address>
         <run_address>0x25426</run_address>
         <size>0x23</size>
         <input_file_ref idref="fl-5a"/>
      </object_component>
      <object_component id="oc-127">
         <name>.text</name>
         <load_address>0x25449</load_address>
         <run_address>0x25449</run_address>
         <size>0x1a</size>
         <input_file_ref idref="fl-57"/>
      </object_component>
      <object_component id="oc-d0">
         <name>.text</name>
         <load_address>0x25463</load_address>
         <run_address>0x25463</run_address>
         <size>0x14</size>
         <input_file_ref idref="fl-43"/>
      </object_component>
      <object_component id="oc-9a">
         <name>.text</name>
         <load_address>0x25477</load_address>
         <run_address>0x25477</run_address>
         <size>0x13</size>
         <input_file_ref idref="fl-38"/>
      </object_component>
      <object_component id="oc-f4">
         <name>.text</name>
         <load_address>0x2548a</load_address>
         <run_address>0x2548a</run_address>
         <size>0x12</size>
         <input_file_ref idref="fl-4b"/>
      </object_component>
      <object_component id="oc-b8">
         <name>.text</name>
         <load_address>0x2549c</load_address>
         <run_address>0x2549c</run_address>
         <size>0x10</size>
         <input_file_ref idref="fl-3e"/>
      </object_component>
      <object_component id="oc-7b">
         <name>.text</name>
         <load_address>0x254ac</load_address>
         <run_address>0x254ac</run_address>
         <size>0xc</size>
         <input_file_ref idref="fl-31"/>
      </object_component>
      <object_component id="oc-13">
         <name>.text</name>
         <load_address>0x254b8</load_address>
         <run_address>0x254b8</run_address>
         <size>0xa</size>
         <input_file_ref idref="fl-2"/>
      </object_component>
      <object_component id="oc-c0">
         <name>.text</name>
         <load_address>0x254c2</load_address>
         <run_address>0x254c2</run_address>
         <size>0xa</size>
         <input_file_ref idref="fl-40"/>
      </object_component>
      <object_component id="oc-68">
         <name>.text:CIO_breakpoint</name>
         <load_address>0x254cc</load_address>
         <run_address>0x254cc</run_address>
         <size>0x7</size>
         <input_file_ref idref="fl-2c"/>
      </object_component>
      <object_component id="oc-e8">
         <name>.text</name>
         <load_address>0x254d3</load_address>
         <run_address>0x254d3</run_address>
         <size>0x2</size>
         <input_file_ref idref="fl-48"/>
      </object_component>
      <object_component id="oc-51">
         <name>.stack</name>
         <uninitialized>true</uninitialized>
         <run_address>0xc0</run_address>
         <size>0x0</size>
         <input_file_ref idref="fl-28"/>
      </object_component>
      <object_component id="oc-162">
         <name>.stack</name>
         <uninitialized>true</uninitialized>
         <run_address>0xc0</run_address>
         <size>0x0</size>
      </object_component>
      <object_component id="oc-147">
         <name>.sysstack</name>
         <uninitialized>true</uninitialized>
         <run_address>0x20c0</run_address>
         <size>0x0</size>
         <input_file_ref idref="fl-28"/>
      </object_component>
      <object_component id="oc-164">
         <name>.sysstack</name>
         <uninitialized>true</uninitialized>
         <run_address>0x20c0</run_address>
         <size>0x0</size>
      </object_component>
      <object_component id="oc-28">
         <name>.bss</name>
         <uninitialized>true</uninitialized>
         <run_address>0x50c0</run_address>
         <size>0x800</size>
         <input_file_ref idref="fl-5"/>
      </object_component>
      <object_component id="oc-33">
         <name>.bss</name>
         <uninitialized>true</uninitialized>
         <run_address>0x58c0</run_address>
         <size>0x666</size>
         <input_file_ref idref="fl-7"/>
      </object_component>
      <object_component id="oc-85">
         <name>.bss</name>
         <uninitialized>true</uninitialized>
         <run_address>0x5f26</run_address>
         <size>0x2</size>
         <input_file_ref idref="fl-33"/>
      </object_component>
      <object_component id="oc-10e">
         <name>.bss</name>
         <uninitialized>true</uninitialized>
         <run_address>0x5f28</run_address>
         <size>0x232</size>
         <input_file_ref idref="fl-51"/>
      </object_component>
      <object_component id="oc-d5">
         <name>.bss</name>
         <uninitialized>true</uninitialized>
         <run_address>0x615a</run_address>
         <size>0x1a0</size>
         <input_file_ref idref="fl-44"/>
      </object_component>
      <object_component id="oc-9f">
         <name>.bss</name>
         <uninitialized>true</uninitialized>
         <run_address>0x62fc</run_address>
         <size>0xe2</size>
         <input_file_ref idref="fl-39"/>
      </object_component>
      <object_component id="oc-5a">
         <name>.bss</name>
         <uninitialized>true</uninitialized>
         <run_address>0x63e0</run_address>
         <size>0x10</size>
         <input_file_ref idref="fl-2a"/>
      </object_component>
      <object_component id="oc-ca">
         <name>.bss</name>
         <uninitialized>true</uninitialized>
         <run_address>0x63f0</run_address>
         <size>0x10</size>
         <input_file_ref idref="fl-42"/>
      </object_component>
      <object_component id="oc-a9">
         <name>.bss</name>
         <uninitialized>true</uninitialized>
         <run_address>0x6400</run_address>
         <size>0xc</size>
         <input_file_ref idref="fl-3b"/>
      </object_component>
      <object_component id="oc-19">
         <name>.bss</name>
         <uninitialized>true</uninitialized>
         <run_address>0x640c</run_address>
         <size>0xa</size>
         <input_file_ref idref="fl-3"/>
      </object_component>
      <object_component id="oc-20">
         <name>.bss</name>
         <uninitialized>true</uninitialized>
         <run_address>0x6418</run_address>
         <size>0x8</size>
         <input_file_ref idref="fl-4"/>
      </object_component>
      <object_component id="oc-f5">
         <name>.bss</name>
         <uninitialized>true</uninitialized>
         <run_address>0x6420</run_address>
         <size>0x8</size>
         <input_file_ref idref="fl-4b"/>
      </object_component>
      <object_component id="oc-65">
         <name>.bss</name>
         <uninitialized>true</uninitialized>
         <run_address>0x6428</run_address>
         <size>0x8</size>
         <input_file_ref idref="fl-2c"/>
      </object_component>
      <object_component id="oc-149">
         <name>.const:__ctypes_</name>
         <load_address>0x6430</load_address>
         <run_address>0x6430</run_address>
         <size>0x202</size>
         <input_file_ref idref="fl-50"/>
      </object_component>
      <object_component id="oc-3d">
         <name>.const</name>
         <load_address>0x6632</load_address>
         <run_address>0x6632</run_address>
         <size>0x2</size>
         <input_file_ref idref="fl-8"/>
      </object_component>
      <object_component id="oc-23">
         <name>.const:.string</name>
         <load_address>0x6634</load_address>
         <run_address>0x6634</run_address>
         <size>0x12e</size>
         <input_file_ref idref="fl-4"/>
      </object_component>
      <object_component id="oc-37">
         <name>.const:.string</name>
         <load_address>0x6764</load_address>
         <run_address>0x6764</run_address>
         <size>0x7a</size>
         <input_file_ref idref="fl-7"/>
      </object_component>
      <object_component id="oc-fd">
         <name>.const:.string</name>
         <load_address>0x67e0</load_address>
         <run_address>0x67e0</run_address>
         <size>0x48</size>
         <input_file_ref idref="fl-4c"/>
      </object_component>
      <object_component id="oc-5d">
         <name>.const</name>
         <load_address>0x6828</load_address>
         <run_address>0x6828</run_address>
         <size>0x2c</size>
         <input_file_ref idref="fl-2a"/>
      </object_component>
      <object_component id="oc-3e">
         <name>.const:.string</name>
         <load_address>0x6854</load_address>
         <run_address>0x6854</run_address>
         <size>0x2a</size>
         <input_file_ref idref="fl-8"/>
      </object_component>
      <object_component id="oc-cd">
         <name>.const</name>
         <load_address>0x6880</load_address>
         <run_address>0x6880</run_address>
         <size>0x28</size>
         <input_file_ref idref="fl-42"/>
      </object_component>
      <object_component id="oc-36">
         <name>.const</name>
         <load_address>0x68a8</load_address>
         <run_address>0x68a8</run_address>
         <size>0x1c</size>
         <input_file_ref idref="fl-7"/>
      </object_component>
      <object_component id="oc-fc">
         <name>.const</name>
         <load_address>0x68c4</load_address>
         <run_address>0x68c4</run_address>
         <size>0x18</size>
         <input_file_ref idref="fl-4c"/>
      </object_component>
      <object_component id="oc-44">
         <name>.const</name>
         <load_address>0x68dc</load_address>
         <run_address>0x68dc</run_address>
         <size>0x14</size>
         <input_file_ref idref="fl-9"/>
      </object_component>
      <object_component id="oc-148">
         <name>.const:_initial_approx$1</name>
         <load_address>0x68f0</load_address>
         <run_address>0x68f0</run_address>
         <size>0x10</size>
         <input_file_ref idref="fl-2b"/>
      </object_component>
      <object_component id="oc-c6">
         <name>.const</name>
         <load_address>0x6900</load_address>
         <run_address>0x6900</run_address>
         <size>0x10</size>
         <input_file_ref idref="fl-41"/>
      </object_component>
      <object_component id="oc-b1">
         <name>.const</name>
         <load_address>0x6910</load_address>
         <run_address>0x6910</run_address>
         <size>0xc</size>
         <input_file_ref idref="fl-3c"/>
      </object_component>
      <object_component id="oc-e1">
         <name>.const</name>
         <load_address>0x691c</load_address>
         <run_address>0x691c</run_address>
         <size>0x8</size>
         <input_file_ref idref="fl-46"/>
      </object_component>
      <object_component id="oc-11c">
         <name>.const:.string</name>
         <load_address>0x6924</load_address>
         <run_address>0x6924</run_address>
         <size>0x4</size>
         <input_file_ref idref="fl-54"/>
      </object_component>
      <object_component id="oc-81">
         <name>.const</name>
         <load_address>0x6928</load_address>
         <run_address>0x6928</run_address>
         <size>0x4</size>
         <input_file_ref idref="fl-32"/>
      </object_component>
      <object_component id="oc-ac">
         <name>.sysmem</name>
         <uninitialized>true</uninitialized>
         <run_address>0x30c0</run_address>
         <size>0x0</size>
         <input_file_ref idref="fl-3b"/>
      </object_component>
      <object_component id="oc-163">
         <name>.sysmem</name>
         <uninitialized>true</uninitialized>
         <run_address>0x30c0</run_address>
         <size>0x0</size>
      </object_component>
      <object_component id="oc-a1">
         <name>.cinit</name>
         <load_address>0x40240</load_address>
         <run_address>0x40240</run_address>
         <size>0x5a</size>
         <input_file_ref idref="fl-39"/>
      </object_component>
      <object_component id="oc-110">
         <name>.cinit</name>
         <load_address>0x4029a</load_address>
         <run_address>0x4029a</run_address>
         <size>0x54</size>
         <input_file_ref idref="fl-51"/>
      </object_component>
      <object_component id="oc-35">
         <name>.cinit</name>
         <load_address>0x402ee</load_address>
         <run_address>0x402ee</run_address>
         <size>0x28</size>
         <input_file_ref idref="fl-7"/>
      </object_component>
      <object_component id="oc-5c">
         <name>.cinit</name>
         <load_address>0x40316</load_address>
         <run_address>0x40316</run_address>
         <size>0x16</size>
         <input_file_ref idref="fl-2a"/>
      </object_component>
      <object_component id="oc-cc">
         <name>.cinit</name>
         <load_address>0x4032c</load_address>
         <run_address>0x4032c</run_address>
         <size>0x16</size>
         <input_file_ref idref="fl-42"/>
      </object_component>
      <object_component id="oc-22">
         <name>.cinit</name>
         <load_address>0x40342</load_address>
         <run_address>0x40342</run_address>
         <size>0x14</size>
         <input_file_ref idref="fl-4"/>
      </object_component>
      <object_component id="oc-f7">
         <name>.cinit</name>
         <load_address>0x40356</load_address>
         <run_address>0x40356</run_address>
         <size>0x14</size>
         <input_file_ref idref="fl-4b"/>
      </object_component>
      <object_component id="oc-67">
         <name>.cinit</name>
         <load_address>0x4036a</load_address>
         <run_address>0x4036a</run_address>
         <size>0x14</size>
         <input_file_ref idref="fl-2c"/>
      </object_component>
      <object_component id="oc-1b">
         <name>.cinit</name>
         <load_address>0x4037e</load_address>
         <run_address>0x4037e</run_address>
         <size>0x8</size>
         <input_file_ref idref="fl-3"/>
      </object_component>
      <object_component id="oc-87">
         <name>.cinit</name>
         <load_address>0x40386</load_address>
         <run_address>0x40386</run_address>
         <size>0x8</size>
         <input_file_ref idref="fl-33"/>
      </object_component>
      <object_component id="oc-ab">
         <name>.cinit</name>
         <load_address>0x4038e</load_address>
         <run_address>0x4038e</run_address>
         <size>0x8</size>
         <input_file_ref idref="fl-3b"/>
      </object_component>
      <object_component id="oc-db">
         <name>.cio</name>
         <uninitialized>true</uninitialized>
         <run_address>0x40000</run_address>
         <size>0x240</size>
         <input_file_ref idref="fl-45"/>
      </object_component>
      <object_component id="oc-12">
         <name>vectors</name>
         <load_address>0x4fe00</load_address>
         <run_address>0x4fe00</run_address>
         <size>0x100</size>
         <input_file_ref idref="fl-48"/>
      </object_component>
      <object_component id="oc-14">
         <name>.debug_info</name>
         <load_address>0x0</load_address>
         <run_address>0x0</run_address>
         <size>0x5b6</size>
         <input_file_ref idref="fl-2"/>
      </object_component>
      <object_component id="oc-1a">
         <name>.debug_info</name>
         <load_address>0x5b6</load_address>
         <run_address>0x5b6</run_address>
         <size>0x955</size>
         <input_file_ref idref="fl-3"/>
      </object_component>
      <object_component id="oc-21">
         <name>.debug_info</name>
         <load_address>0xf0b</load_address>
         <run_address>0xf0b</run_address>
         <size>0x967</size>
         <input_file_ref idref="fl-4"/>
      </object_component>
      <object_component id="oc-29">
         <name>.debug_info</name>
         <load_address>0x1872</load_address>
         <run_address>0x1872</run_address>
         <size>0xa1b</size>
         <input_file_ref idref="fl-5"/>
      </object_component>
      <object_component id="oc-2e">
         <name>.debug_info</name>
         <load_address>0x228d</load_address>
         <run_address>0x228d</run_address>
         <size>0x7a3</size>
         <input_file_ref idref="fl-6"/>
      </object_component>
      <object_component id="oc-34">
         <name>.debug_info</name>
         <load_address>0x2a30</load_address>
         <run_address>0x2a30</run_address>
         <size>0x1551</size>
         <input_file_ref idref="fl-7"/>
      </object_component>
      <object_component id="oc-3c">
         <name>.debug_info</name>
         <load_address>0x3f81</load_address>
         <run_address>0x3f81</run_address>
         <size>0x6e1</size>
         <input_file_ref idref="fl-8"/>
      </object_component>
      <object_component id="oc-43">
         <name>.debug_info</name>
         <load_address>0x4662</load_address>
         <run_address>0x4662</run_address>
         <size>0xdeb</size>
         <input_file_ref idref="fl-9"/>
      </object_component>
      <object_component id="oc-49">
         <name>.debug_info</name>
         <load_address>0x544d</load_address>
         <run_address>0x544d</run_address>
         <size>0x5896</size>
         <input_file_ref idref="fl-13"/>
      </object_component>
      <object_component id="oc-4e">
         <name>.debug_info</name>
         <load_address>0xace3</load_address>
         <run_address>0xace3</run_address>
         <size>0x5ab</size>
         <input_file_ref idref="fl-27"/>
      </object_component>
      <object_component id="oc-52">
         <name>.debug_info</name>
         <load_address>0xb28e</load_address>
         <run_address>0xb28e</run_address>
         <size>0xe8</size>
         <input_file_ref idref="fl-28"/>
      </object_component>
      <object_component id="oc-56">
         <name>.debug_info</name>
         <load_address>0xb376</load_address>
         <run_address>0xb376</run_address>
         <size>0x81f</size>
         <input_file_ref idref="fl-29"/>
      </object_component>
      <object_component id="oc-5b">
         <name>.debug_info</name>
         <load_address>0xbb95</load_address>
         <run_address>0xbb95</run_address>
         <size>0x716</size>
         <input_file_ref idref="fl-2a"/>
      </object_component>
      <object_component id="oc-61">
         <name>.debug_info</name>
         <load_address>0xc2ab</load_address>
         <run_address>0xc2ab</run_address>
         <size>0x7e8</size>
         <input_file_ref idref="fl-2b"/>
      </object_component>
      <object_component id="oc-66">
         <name>.debug_info</name>
         <load_address>0xca93</load_address>
         <run_address>0xca93</run_address>
         <size>0x5fb</size>
         <input_file_ref idref="fl-2c"/>
      </object_component>
      <object_component id="oc-6c">
         <name>.debug_info</name>
         <load_address>0xd08e</load_address>
         <run_address>0xd08e</run_address>
         <size>0x64f</size>
         <input_file_ref idref="fl-2d"/>
      </object_component>
      <object_component id="oc-70">
         <name>.debug_info</name>
         <load_address>0xd6dd</load_address>
         <run_address>0xd6dd</run_address>
         <size>0x706</size>
         <input_file_ref idref="fl-2e"/>
      </object_component>
      <object_component id="oc-74">
         <name>.debug_info</name>
         <load_address>0xdde3</load_address>
         <run_address>0xdde3</run_address>
         <size>0x4cf</size>
         <input_file_ref idref="fl-2f"/>
      </object_component>
      <object_component id="oc-78">
         <name>.debug_info</name>
         <load_address>0xe2b2</load_address>
         <run_address>0xe2b2</run_address>
         <size>0x534</size>
         <input_file_ref idref="fl-30"/>
      </object_component>
      <object_component id="oc-7c">
         <name>.debug_info</name>
         <load_address>0xe7e6</load_address>
         <run_address>0xe7e6</run_address>
         <size>0x4cf</size>
         <input_file_ref idref="fl-31"/>
      </object_component>
      <object_component id="oc-80">
         <name>.debug_info</name>
         <load_address>0xecb5</load_address>
         <run_address>0xecb5</run_address>
         <size>0x549</size>
         <input_file_ref idref="fl-32"/>
      </object_component>
      <object_component id="oc-86">
         <name>.debug_info</name>
         <load_address>0xf1fe</load_address>
         <run_address>0xf1fe</run_address>
         <size>0xa1c</size>
         <input_file_ref idref="fl-33"/>
      </object_component>
      <object_component id="oc-8b">
         <name>.debug_info</name>
         <load_address>0xfc1a</load_address>
         <run_address>0xfc1a</run_address>
         <size>0x53e</size>
         <input_file_ref idref="fl-34"/>
      </object_component>
      <object_component id="oc-8f">
         <name>.debug_info</name>
         <load_address>0x10158</load_address>
         <run_address>0x10158</run_address>
         <size>0x762</size>
         <input_file_ref idref="fl-35"/>
      </object_component>
      <object_component id="oc-93">
         <name>.debug_info</name>
         <load_address>0x108ba</load_address>
         <run_address>0x108ba</run_address>
         <size>0x8f7</size>
         <input_file_ref idref="fl-36"/>
      </object_component>
      <object_component id="oc-97">
         <name>.debug_info</name>
         <load_address>0x111b1</load_address>
         <run_address>0x111b1</run_address>
         <size>0xeb</size>
         <input_file_ref idref="fl-37"/>
      </object_component>
      <object_component id="oc-9b">
         <name>.debug_info</name>
         <load_address>0x1129c</load_address>
         <run_address>0x1129c</run_address>
         <size>0xbd</size>
         <input_file_ref idref="fl-38"/>
      </object_component>
      <object_component id="oc-a0">
         <name>.debug_info</name>
         <load_address>0x11359</load_address>
         <run_address>0x11359</run_address>
         <size>0x144b</size>
         <input_file_ref idref="fl-39"/>
      </object_component>
      <object_component id="oc-a5">
         <name>.debug_info</name>
         <load_address>0x127a4</load_address>
         <run_address>0x127a4</run_address>
         <size>0xd1</size>
         <input_file_ref idref="fl-3a"/>
      </object_component>
      <object_component id="oc-aa">
         <name>.debug_info</name>
         <load_address>0x12875</load_address>
         <run_address>0x12875</run_address>
         <size>0xb97</size>
         <input_file_ref idref="fl-3b"/>
      </object_component>
      <object_component id="oc-b0">
         <name>.debug_info</name>
         <load_address>0x1340c</load_address>
         <run_address>0x1340c</run_address>
         <size>0x50c</size>
         <input_file_ref idref="fl-3c"/>
      </object_component>
      <object_component id="oc-b5">
         <name>.debug_info</name>
         <load_address>0x13918</load_address>
         <run_address>0x13918</run_address>
         <size>0x55b</size>
         <input_file_ref idref="fl-3d"/>
      </object_component>
      <object_component id="oc-b9">
         <name>.debug_info</name>
         <load_address>0x13e73</load_address>
         <run_address>0x13e73</run_address>
         <size>0x4b7</size>
         <input_file_ref idref="fl-3e"/>
      </object_component>
      <object_component id="oc-bd">
         <name>.debug_info</name>
         <load_address>0x1432a</load_address>
         <run_address>0x1432a</run_address>
         <size>0x76c</size>
         <input_file_ref idref="fl-3f"/>
      </object_component>
      <object_component id="oc-c1">
         <name>.debug_info</name>
         <load_address>0x14a96</load_address>
         <run_address>0x14a96</run_address>
         <size>0x510</size>
         <input_file_ref idref="fl-40"/>
      </object_component>
      <object_component id="oc-c5">
         <name>.debug_info</name>
         <load_address>0x14fa6</load_address>
         <run_address>0x14fa6</run_address>
         <size>0x52e</size>
         <input_file_ref idref="fl-41"/>
      </object_component>
      <object_component id="oc-cb">
         <name>.debug_info</name>
         <load_address>0x154d4</load_address>
         <run_address>0x154d4</run_address>
         <size>0x6ef</size>
         <input_file_ref idref="fl-42"/>
      </object_component>
      <object_component id="oc-d1">
         <name>.debug_info</name>
         <load_address>0x15bc3</load_address>
         <run_address>0x15bc3</run_address>
         <size>0x4de</size>
         <input_file_ref idref="fl-43"/>
      </object_component>
      <object_component id="oc-d6">
         <name>.debug_info</name>
         <load_address>0x160a1</load_address>
         <run_address>0x160a1</run_address>
         <size>0xed4</size>
         <input_file_ref idref="fl-44"/>
      </object_component>
      <object_component id="oc-da">
         <name>.debug_info</name>
         <load_address>0x16f75</load_address>
         <run_address>0x16f75</run_address>
         <size>0x744</size>
         <input_file_ref idref="fl-45"/>
      </object_component>
      <object_component id="oc-e0">
         <name>.debug_info</name>
         <load_address>0x176b9</load_address>
         <run_address>0x176b9</run_address>
         <size>0x521</size>
         <input_file_ref idref="fl-46"/>
      </object_component>
      <object_component id="oc-e5">
         <name>.debug_info</name>
         <load_address>0x17bda</load_address>
         <run_address>0x17bda</run_address>
         <size>0xef</size>
         <input_file_ref idref="fl-47"/>
      </object_component>
      <object_component id="oc-e9">
         <name>.debug_info</name>
         <load_address>0x17cc9</load_address>
         <run_address>0x17cc9</run_address>
         <size>0xbc</size>
         <input_file_ref idref="fl-48"/>
      </object_component>
      <object_component id="oc-ed">
         <name>.debug_info</name>
         <load_address>0x17d85</load_address>
         <run_address>0x17d85</run_address>
         <size>0x6b8</size>
         <input_file_ref idref="fl-49"/>
      </object_component>
      <object_component id="oc-f1">
         <name>.debug_info</name>
         <load_address>0x1843d</load_address>
         <run_address>0x1843d</run_address>
         <size>0x662</size>
         <input_file_ref idref="fl-4a"/>
      </object_component>
      <object_component id="oc-f6">
         <name>.debug_info</name>
         <load_address>0x18a9f</load_address>
         <run_address>0x18a9f</run_address>
         <size>0x5bc</size>
         <input_file_ref idref="fl-4b"/>
      </object_component>
      <object_component id="oc-fb">
         <name>.debug_info</name>
         <load_address>0x1905b</load_address>
         <run_address>0x1905b</run_address>
         <size>0x27bd</size>
         <input_file_ref idref="fl-4c"/>
      </object_component>
      <object_component id="oc-101">
         <name>.debug_info</name>
         <load_address>0x1b818</load_address>
         <run_address>0x1b818</run_address>
         <size>0x586</size>
         <input_file_ref idref="fl-4d"/>
      </object_component>
      <object_component id="oc-105">
         <name>.debug_info</name>
         <load_address>0x1bd9e</load_address>
         <run_address>0x1bd9e</run_address>
         <size>0x5a4</size>
         <input_file_ref idref="fl-4e"/>
      </object_component>
      <object_component id="oc-109">
         <name>.debug_info</name>
         <load_address>0x1c342</load_address>
         <run_address>0x1c342</run_address>
         <size>0xcd</size>
         <input_file_ref idref="fl-4f"/>
      </object_component>
      <object_component id="oc-10c">
         <name>.debug_info</name>
         <load_address>0x1c40f</load_address>
         <run_address>0x1c40f</run_address>
         <size>0x498</size>
         <input_file_ref idref="fl-50"/>
      </object_component>
      <object_component id="oc-10f">
         <name>.debug_info</name>
         <load_address>0x1c8a7</load_address>
         <run_address>0x1c8a7</run_address>
         <size>0x57e</size>
         <input_file_ref idref="fl-51"/>
      </object_component>
      <object_component id="oc-113">
         <name>.debug_info</name>
         <load_address>0x1ce25</load_address>
         <run_address>0x1ce25</run_address>
         <size>0x534</size>
         <input_file_ref idref="fl-52"/>
      </object_component>
      <object_component id="oc-117">
         <name>.debug_info</name>
         <load_address>0x1d359</load_address>
         <run_address>0x1d359</run_address>
         <size>0x6aa</size>
         <input_file_ref idref="fl-53"/>
      </object_component>
      <object_component id="oc-11b">
         <name>.debug_info</name>
         <load_address>0x1da03</load_address>
         <run_address>0x1da03</run_address>
         <size>0x942</size>
         <input_file_ref idref="fl-54"/>
      </object_component>
      <object_component id="oc-120">
         <name>.debug_info</name>
         <load_address>0x1e345</load_address>
         <run_address>0x1e345</run_address>
         <size>0x4d2</size>
         <input_file_ref idref="fl-55"/>
      </object_component>
      <object_component id="oc-124">
         <name>.debug_info</name>
         <load_address>0x1e817</load_address>
         <run_address>0x1e817</run_address>
         <size>0x5f7</size>
         <input_file_ref idref="fl-56"/>
      </object_component>
      <object_component id="oc-128">
         <name>.debug_info</name>
         <load_address>0x1ee0e</load_address>
         <run_address>0x1ee0e</run_address>
         <size>0x680</size>
         <input_file_ref idref="fl-57"/>
      </object_component>
      <object_component id="oc-12c">
         <name>.debug_info</name>
         <load_address>0x1f48e</load_address>
         <run_address>0x1f48e</run_address>
         <size>0x7d4</size>
         <input_file_ref idref="fl-58"/>
      </object_component>
      <object_component id="oc-130">
         <name>.debug_info</name>
         <load_address>0x1fc62</load_address>
         <run_address>0x1fc62</run_address>
         <size>0x5ad</size>
         <input_file_ref idref="fl-59"/>
      </object_component>
      <object_component id="oc-134">
         <name>.debug_info</name>
         <load_address>0x2020f</load_address>
         <run_address>0x2020f</run_address>
         <size>0x574</size>
         <input_file_ref idref="fl-5a"/>
      </object_component>
      <object_component id="oc-138">
         <name>.debug_info</name>
         <load_address>0x20783</load_address>
         <run_address>0x20783</run_address>
         <size>0x4f2</size>
         <input_file_ref idref="fl-5b"/>
      </object_component>
      <object_component id="oc-13c">
         <name>.debug_info</name>
         <load_address>0x20c75</load_address>
         <run_address>0x20c75</run_address>
         <size>0x534</size>
         <input_file_ref idref="fl-5c"/>
      </object_component>
      <object_component id="oc-140">
         <name>.debug_info</name>
         <load_address>0x211a9</load_address>
         <run_address>0x211a9</run_address>
         <size>0x64a</size>
         <input_file_ref idref="fl-5d"/>
      </object_component>
      <object_component id="oc-144">
         <name>.debug_info</name>
         <load_address>0x217f3</load_address>
         <run_address>0x217f3</run_address>
         <size>0x4f2</size>
         <input_file_ref idref="fl-5e"/>
      </object_component>
      <object_component id="oc-16f">
         <name>.debug_info</name>
         <load_address>0x21ce5</load_address>
         <run_address>0x21ce5</run_address>
         <size>0x6e</size>
      </object_component>
      <object_component id="oc-15">
         <name>.debug_frame</name>
         <load_address>0x0</load_address>
         <run_address>0x0</run_address>
         <size>0xf4</size>
         <input_file_ref idref="fl-2"/>
      </object_component>
      <object_component id="oc-1c">
         <name>.debug_frame</name>
         <load_address>0xf4</load_address>
         <run_address>0xf4</run_address>
         <size>0x132</size>
         <input_file_ref idref="fl-3"/>
      </object_component>
      <object_component id="oc-24">
         <name>.debug_frame</name>
         <load_address>0x226</load_address>
         <run_address>0x226</run_address>
         <size>0x139</size>
         <input_file_ref idref="fl-4"/>
      </object_component>
      <object_component id="oc-2a">
         <name>.debug_frame</name>
         <load_address>0x35f</load_address>
         <run_address>0x35f</run_address>
         <size>0x118</size>
         <input_file_ref idref="fl-5"/>
      </object_component>
      <object_component id="oc-2f">
         <name>.debug_frame</name>
         <load_address>0x477</load_address>
         <run_address>0x477</run_address>
         <size>0x102</size>
         <input_file_ref idref="fl-6"/>
      </object_component>
      <object_component id="oc-38">
         <name>.debug_frame</name>
         <load_address>0x579</load_address>
         <run_address>0x579</run_address>
         <size>0x16f</size>
         <input_file_ref idref="fl-7"/>
      </object_component>
      <object_component id="oc-3f">
         <name>.debug_frame</name>
         <load_address>0x6e8</load_address>
         <run_address>0x6e8</run_address>
         <size>0x132</size>
         <input_file_ref idref="fl-8"/>
      </object_component>
      <object_component id="oc-45">
         <name>.debug_frame</name>
         <load_address>0x81a</load_address>
         <run_address>0x81a</run_address>
         <size>0x159</size>
         <input_file_ref idref="fl-9"/>
      </object_component>
      <object_component id="oc-4a">
         <name>.debug_frame</name>
         <load_address>0x973</load_address>
         <run_address>0x973</run_address>
         <size>0x116</size>
         <input_file_ref idref="fl-13"/>
      </object_component>
      <object_component id="oc-16">
         <name>.debug_line</name>
         <load_address>0x0</load_address>
         <run_address>0x0</run_address>
         <size>0x60</size>
         <input_file_ref idref="fl-2"/>
      </object_component>
      <object_component id="oc-1d">
         <name>.debug_line</name>
         <load_address>0x60</load_address>
         <run_address>0x60</run_address>
         <size>0xac</size>
         <input_file_ref idref="fl-3"/>
      </object_component>
      <object_component id="oc-25">
         <name>.debug_line</name>
         <load_address>0x10c</load_address>
         <run_address>0x10c</run_address>
         <size>0xb8</size>
         <input_file_ref idref="fl-4"/>
      </object_component>
      <object_component id="oc-2b">
         <name>.debug_line</name>
         <load_address>0x1c4</load_address>
         <run_address>0x1c4</run_address>
         <size>0xbe</size>
         <input_file_ref idref="fl-5"/>
      </object_component>
      <object_component id="oc-30">
         <name>.debug_line</name>
         <load_address>0x282</load_address>
         <run_address>0x282</run_address>
         <size>0x6e</size>
         <input_file_ref idref="fl-6"/>
      </object_component>
      <object_component id="oc-39">
         <name>.debug_line</name>
         <load_address>0x2f0</load_address>
         <run_address>0x2f0</run_address>
         <size>0x18e</size>
         <input_file_ref idref="fl-7"/>
      </object_component>
      <object_component id="oc-40">
         <name>.debug_line</name>
         <load_address>0x47e</load_address>
         <run_address>0x47e</run_address>
         <size>0x86</size>
         <input_file_ref idref="fl-8"/>
      </object_component>
      <object_component id="oc-46">
         <name>.debug_line</name>
         <load_address>0x504</load_address>
         <run_address>0x504</run_address>
         <size>0xf7</size>
         <input_file_ref idref="fl-9"/>
      </object_component>
      <object_component id="oc-4b">
         <name>.debug_line</name>
         <load_address>0x5fb</load_address>
         <run_address>0x5fb</run_address>
         <size>0x59c</size>
         <input_file_ref idref="fl-13"/>
      </object_component>
      <object_component id="oc-4f">
         <name>.debug_line</name>
         <load_address>0xb97</load_address>
         <run_address>0xb97</run_address>
         <size>0x5c</size>
         <input_file_ref idref="fl-27"/>
      </object_component>
      <object_component id="oc-53">
         <name>.debug_line</name>
         <load_address>0xbf3</load_address>
         <run_address>0xbf3</run_address>
         <size>0x54</size>
         <input_file_ref idref="fl-28"/>
      </object_component>
      <object_component id="oc-57">
         <name>.debug_line</name>
         <load_address>0xc47</load_address>
         <run_address>0xc47</run_address>
         <size>0xad</size>
         <input_file_ref idref="fl-29"/>
      </object_component>
      <object_component id="oc-5e">
         <name>.debug_line</name>
         <load_address>0xcf4</load_address>
         <run_address>0xcf4</run_address>
         <size>0x54</size>
         <input_file_ref idref="fl-2a"/>
      </object_component>
      <object_component id="oc-62">
         <name>.debug_line</name>
         <load_address>0xd48</load_address>
         <run_address>0xd48</run_address>
         <size>0x5b</size>
         <input_file_ref idref="fl-2b"/>
      </object_component>
      <object_component id="oc-69">
         <name>.debug_line</name>
         <load_address>0xda3</load_address>
         <run_address>0xda3</run_address>
         <size>0x51</size>
         <input_file_ref idref="fl-2c"/>
      </object_component>
      <object_component id="oc-6d">
         <name>.debug_line</name>
         <load_address>0xdf4</load_address>
         <run_address>0xdf4</run_address>
         <size>0x3d</size>
         <input_file_ref idref="fl-2d"/>
      </object_component>
      <object_component id="oc-71">
         <name>.debug_line</name>
         <load_address>0xe31</load_address>
         <run_address>0xe31</run_address>
         <size>0x5b</size>
         <input_file_ref idref="fl-2e"/>
      </object_component>
      <object_component id="oc-75">
         <name>.debug_line</name>
         <load_address>0xe8c</load_address>
         <run_address>0xe8c</run_address>
         <size>0x3d</size>
         <input_file_ref idref="fl-2f"/>
      </object_component>
      <object_component id="oc-79">
         <name>.debug_line</name>
         <load_address>0xec9</load_address>
         <run_address>0xec9</run_address>
         <size>0x3d</size>
         <input_file_ref idref="fl-30"/>
      </object_component>
      <object_component id="oc-7d">
         <name>.debug_line</name>
         <load_address>0xf06</load_address>
         <run_address>0xf06</run_address>
         <size>0x3d</size>
         <input_file_ref idref="fl-31"/>
      </object_component>
      <object_component id="oc-82">
         <name>.debug_line</name>
         <load_address>0xf43</load_address>
         <run_address>0xf43</run_address>
         <size>0x44</size>
         <input_file_ref idref="fl-32"/>
      </object_component>
      <object_component id="oc-88">
         <name>.debug_line</name>
         <load_address>0xf87</load_address>
         <run_address>0xf87</run_address>
         <size>0xd7</size>
         <input_file_ref idref="fl-33"/>
      </object_component>
      <object_component id="oc-8c">
         <name>.debug_line</name>
         <load_address>0x105e</load_address>
         <run_address>0x105e</run_address>
         <size>0x40</size>
         <input_file_ref idref="fl-34"/>
      </object_component>
      <object_component id="oc-90">
         <name>.debug_line</name>
         <load_address>0x109e</load_address>
         <run_address>0x109e</run_address>
         <size>0x4d</size>
         <input_file_ref idref="fl-35"/>
      </object_component>
      <object_component id="oc-94">
         <name>.debug_line</name>
         <load_address>0x10eb</load_address>
         <run_address>0x10eb</run_address>
         <size>0x97</size>
         <input_file_ref idref="fl-36"/>
      </object_component>
      <object_component id="oc-98">
         <name>.debug_line</name>
         <load_address>0x1182</load_address>
         <run_address>0x1182</run_address>
         <size>0x5c</size>
         <input_file_ref idref="fl-37"/>
      </object_component>
      <object_component id="oc-9c">
         <name>.debug_line</name>
         <load_address>0x11de</load_address>
         <run_address>0x11de</run_address>
         <size>0x3c</size>
         <input_file_ref idref="fl-38"/>
      </object_component>
      <object_component id="oc-a2">
         <name>.debug_line</name>
         <load_address>0x121a</load_address>
         <run_address>0x121a</run_address>
         <size>0x1b0</size>
         <input_file_ref idref="fl-39"/>
      </object_component>
      <object_component id="oc-a6">
         <name>.debug_line</name>
         <load_address>0x13ca</load_address>
         <run_address>0x13ca</run_address>
         <size>0x4d</size>
         <input_file_ref idref="fl-3a"/>
      </object_component>
      <object_component id="oc-ad">
         <name>.debug_line</name>
         <load_address>0x1417</load_address>
         <run_address>0x1417</run_address>
         <size>0x112</size>
         <input_file_ref idref="fl-3b"/>
      </object_component>
      <object_component id="oc-b2">
         <name>.debug_line</name>
         <load_address>0x1529</load_address>
         <run_address>0x1529</run_address>
         <size>0x3c</size>
         <input_file_ref idref="fl-3c"/>
      </object_component>
      <object_component id="oc-b6">
         <name>.debug_line</name>
         <load_address>0x1565</load_address>
         <run_address>0x1565</run_address>
         <size>0x3c</size>
         <input_file_ref idref="fl-3d"/>
      </object_component>
      <object_component id="oc-ba">
         <name>.debug_line</name>
         <load_address>0x15a1</load_address>
         <run_address>0x15a1</run_address>
         <size>0x37</size>
         <input_file_ref idref="fl-3e"/>
      </object_component>
      <object_component id="oc-be">
         <name>.debug_line</name>
         <load_address>0x15d8</load_address>
         <run_address>0x15d8</run_address>
         <size>0x69</size>
         <input_file_ref idref="fl-3f"/>
      </object_component>
      <object_component id="oc-c2">
         <name>.debug_line</name>
         <load_address>0x1641</load_address>
         <run_address>0x1641</run_address>
         <size>0x39</size>
         <input_file_ref idref="fl-40"/>
      </object_component>
      <object_component id="oc-c7">
         <name>.debug_line</name>
         <load_address>0x167a</load_address>
         <run_address>0x167a</run_address>
         <size>0x3a</size>
         <input_file_ref idref="fl-41"/>
      </object_component>
      <object_component id="oc-ce">
         <name>.debug_line</name>
         <load_address>0x16b4</load_address>
         <run_address>0x16b4</run_address>
         <size>0x54</size>
         <input_file_ref idref="fl-42"/>
      </object_component>
      <object_component id="oc-d2">
         <name>.debug_line</name>
         <load_address>0x1708</load_address>
         <run_address>0x1708</run_address>
         <size>0x37</size>
         <input_file_ref idref="fl-43"/>
      </object_component>
      <object_component id="oc-d7">
         <name>.debug_line</name>
         <load_address>0x173f</load_address>
         <run_address>0x173f</run_address>
         <size>0x15d</size>
         <input_file_ref idref="fl-44"/>
      </object_component>
      <object_component id="oc-dd">
         <name>.debug_line</name>
         <load_address>0x189c</load_address>
         <run_address>0x189c</run_address>
         <size>0x6a</size>
         <input_file_ref idref="fl-45"/>
      </object_component>
      <object_component id="oc-e2">
         <name>.debug_line</name>
         <load_address>0x1906</load_address>
         <run_address>0x1906</run_address>
         <size>0x38</size>
         <input_file_ref idref="fl-46"/>
      </object_component>
      <object_component id="oc-e6">
         <name>.debug_line</name>
         <load_address>0x193e</load_address>
         <run_address>0x193e</run_address>
         <size>0x58</size>
         <input_file_ref idref="fl-47"/>
      </object_component>
      <object_component id="oc-ea">
         <name>.debug_line</name>
         <load_address>0x1996</load_address>
         <run_address>0x1996</run_address>
         <size>0x37</size>
         <input_file_ref idref="fl-48"/>
      </object_component>
      <object_component id="oc-ee">
         <name>.debug_line</name>
         <load_address>0x19cd</load_address>
         <run_address>0x19cd</run_address>
         <size>0x4c</size>
         <input_file_ref idref="fl-49"/>
      </object_component>
      <object_component id="oc-f2">
         <name>.debug_line</name>
         <load_address>0x1a19</load_address>
         <run_address>0x1a19</run_address>
         <size>0x57</size>
         <input_file_ref idref="fl-4a"/>
      </object_component>
      <object_component id="oc-f8">
         <name>.debug_line</name>
         <load_address>0x1a70</load_address>
         <run_address>0x1a70</run_address>
         <size>0x57</size>
         <input_file_ref idref="fl-4b"/>
      </object_component>
      <object_component id="oc-fe">
         <name>.debug_line</name>
         <load_address>0x1ac7</load_address>
         <run_address>0x1ac7</run_address>
         <size>0x328</size>
         <input_file_ref idref="fl-4c"/>
      </object_component>
      <object_component id="oc-102">
         <name>.debug_line</name>
         <load_address>0x1def</load_address>
         <run_address>0x1def</run_address>
         <size>0x41</size>
         <input_file_ref idref="fl-4d"/>
      </object_component>
      <object_component id="oc-106">
         <name>.debug_line</name>
         <load_address>0x1e30</load_address>
         <run_address>0x1e30</run_address>
         <size>0x46</size>
         <input_file_ref idref="fl-4e"/>
      </object_component>
      <object_component id="oc-10a">
         <name>.debug_line</name>
         <load_address>0x1e76</load_address>
         <run_address>0x1e76</run_address>
         <size>0x55</size>
         <input_file_ref idref="fl-4f"/>
      </object_component>
      <object_component id="oc-114">
         <name>.debug_line</name>
         <load_address>0x1ecb</load_address>
         <run_address>0x1ecb</run_address>
         <size>0x44</size>
         <input_file_ref idref="fl-52"/>
      </object_component>
      <object_component id="oc-118">
         <name>.debug_line</name>
         <load_address>0x1f0f</load_address>
         <run_address>0x1f0f</run_address>
         <size>0x56</size>
         <input_file_ref idref="fl-53"/>
      </object_component>
      <object_component id="oc-11d">
         <name>.debug_line</name>
         <load_address>0x1f65</load_address>
         <run_address>0x1f65</run_address>
         <size>0xa8</size>
         <input_file_ref idref="fl-54"/>
      </object_component>
      <object_component id="oc-121">
         <name>.debug_line</name>
         <load_address>0x200d</load_address>
         <run_address>0x200d</run_address>
         <size>0x3a</size>
         <input_file_ref idref="fl-55"/>
      </object_component>
      <object_component id="oc-125">
         <name>.debug_line</name>
         <load_address>0x2047</load_address>
         <run_address>0x2047</run_address>
         <size>0x3c</size>
         <input_file_ref idref="fl-56"/>
      </object_component>
      <object_component id="oc-129">
         <name>.debug_line</name>
         <load_address>0x2083</load_address>
         <run_address>0x2083</run_address>
         <size>0x38</size>
         <input_file_ref idref="fl-57"/>
      </object_component>
      <object_component id="oc-12d">
         <name>.debug_line</name>
         <load_address>0x20bb</load_address>
         <run_address>0x20bb</run_address>
         <size>0xa8</size>
         <input_file_ref idref="fl-58"/>
      </object_component>
      <object_component id="oc-131">
         <name>.debug_line</name>
         <load_address>0x2163</load_address>
         <run_address>0x2163</run_address>
         <size>0x40</size>
         <input_file_ref idref="fl-59"/>
      </object_component>
      <object_component id="oc-135">
         <name>.debug_line</name>
         <load_address>0x21a3</load_address>
         <run_address>0x21a3</run_address>
         <size>0x3c</size>
         <input_file_ref idref="fl-5a"/>
      </object_component>
      <object_component id="oc-139">
         <name>.debug_line</name>
         <load_address>0x21df</load_address>
         <run_address>0x21df</run_address>
         <size>0x3c</size>
         <input_file_ref idref="fl-5b"/>
      </object_component>
      <object_component id="oc-13d">
         <name>.debug_line</name>
         <load_address>0x221b</load_address>
         <run_address>0x221b</run_address>
         <size>0x44</size>
         <input_file_ref idref="fl-5c"/>
      </object_component>
      <object_component id="oc-141">
         <name>.debug_line</name>
         <load_address>0x225f</load_address>
         <run_address>0x225f</run_address>
         <size>0x3f</size>
         <input_file_ref idref="fl-5d"/>
      </object_component>
      <object_component id="oc-145">
         <name>.debug_line</name>
         <load_address>0x229e</load_address>
         <run_address>0x229e</run_address>
         <size>0x3c</size>
         <input_file_ref idref="fl-5e"/>
      </object_component>
      <object_component id="oc-17">
         <name>.debug_abbrev</name>
         <load_address>0x0</load_address>
         <run_address>0x0</run_address>
         <size>0x76</size>
         <input_file_ref idref="fl-2"/>
      </object_component>
      <object_component id="oc-1e">
         <name>.debug_abbrev</name>
         <load_address>0x76</load_address>
         <run_address>0x76</run_address>
         <size>0x10c</size>
         <input_file_ref idref="fl-3"/>
      </object_component>
      <object_component id="oc-26">
         <name>.debug_abbrev</name>
         <load_address>0x182</load_address>
         <run_address>0x182</run_address>
         <size>0x121</size>
         <input_file_ref idref="fl-4"/>
      </object_component>
      <object_component id="oc-2c">
         <name>.debug_abbrev</name>
         <load_address>0x2a3</load_address>
         <run_address>0x2a3</run_address>
         <size>0x139</size>
         <input_file_ref idref="fl-5"/>
      </object_component>
      <object_component id="oc-31">
         <name>.debug_abbrev</name>
         <load_address>0x3dc</load_address>
         <run_address>0x3dc</run_address>
         <size>0xb2</size>
         <input_file_ref idref="fl-6"/>
      </object_component>
      <object_component id="oc-3a">
         <name>.debug_abbrev</name>
         <load_address>0x48e</load_address>
         <run_address>0x48e</run_address>
         <size>0x16e</size>
         <input_file_ref idref="fl-7"/>
      </object_component>
      <object_component id="oc-41">
         <name>.debug_abbrev</name>
         <load_address>0x5fc</load_address>
         <run_address>0x5fc</run_address>
         <size>0xf5</size>
         <input_file_ref idref="fl-8"/>
      </object_component>
      <object_component id="oc-47">
         <name>.debug_abbrev</name>
         <load_address>0x6f1</load_address>
         <run_address>0x6f1</run_address>
         <size>0xe5</size>
         <input_file_ref idref="fl-9"/>
      </object_component>
      <object_component id="oc-4c">
         <name>.debug_abbrev</name>
         <load_address>0x7d6</load_address>
         <run_address>0x7d6</run_address>
         <size>0x198</size>
         <input_file_ref idref="fl-13"/>
      </object_component>
      <object_component id="oc-50">
         <name>.debug_abbrev</name>
         <load_address>0x96e</load_address>
         <run_address>0x96e</run_address>
         <size>0xd4</size>
         <input_file_ref idref="fl-27"/>
      </object_component>
      <object_component id="oc-54">
         <name>.debug_abbrev</name>
         <load_address>0xa42</load_address>
         <run_address>0xa42</run_address>
         <size>0x3a</size>
         <input_file_ref idref="fl-28"/>
      </object_component>
      <object_component id="oc-58">
         <name>.debug_abbrev</name>
         <load_address>0xa7c</load_address>
         <run_address>0xa7c</run_address>
         <size>0xb7</size>
         <input_file_ref idref="fl-29"/>
      </object_component>
      <object_component id="oc-5f">
         <name>.debug_abbrev</name>
[...]
         <object_component_ref idref="oc-3b"/>
      </symbol>
      <symbol id="sm-14a">
         <name>_shelvingPeek</name>
         <value>0x230d9</value>
         <object_component_ref idref="oc-42"/>
      </symbol>
      <symbol id="sm-14b">
         <name>_calculatePeekCoeff</name>
         <value>0x22f52</value>
         <object_component_ref idref="oc-42"/>
      </symbol>
      <symbol id="sm-14c">
         <name>_shelvingLP</name>
         <value>0x2307f</value>
         <object_component_ref idref="oc-42"/>
      </symbol>
      <symbol id="sm-14d">
         <name>_shelvingHP</name>
         <value>0x23027</value>
         <object_component_ref idref="oc-42"/>
      </symbol>
      <symbol id="sm-14e">
         <name>_calculateShelvingCoeff</name>
         <value>0x22ec9</value>
         <object_component_ref idref="oc-42"/>
      </symbol>
      <symbol id="sm-15c">
         <name>_EZDSP5535_waitusec</name>
         <value>0x250c8</value>
         <object_component_ref idref="oc-48"/>
      </symbol>
      <symbol id="sm-15d">
         <name>_EZDSP5535_init</name>
         <value>0x250da</value>
         <object_component_ref idref="oc-48"/>
      </symbol>
      <symbol id="sm-15e">
         <name>_EZDSP5535_wait</name>
         <value>0x25094</value>
         <object_component_ref idref="oc-48"/>
      </symbol>
      <symbol id="sm-168">
         <name>__addd</name>
         <value>0x23391</value>
         <object_component_ref idref="oc-4d"/>
      </symbol>
      <symbol id="sm-174">
         <name>__sysstack</name>
         <value>0x20c0</value>
         <object_component_ref idref="oc-147"/>
      </symbol>
      <symbol id="sm-175">
         <name>_c_int00</name>
         <value>0x2539e</value>
         <object_component_ref idref="oc-11"/>
      </symbol>
      <symbol id="sm-176">
         <name>__stack</name>
         <value>0xc0</value>
         <object_component_ref idref="oc-51"/>
      </symbol>
      <symbol id="sm-180">
         <name>__eqld</name>
         <value>0x23d41</value>
         <object_component_ref idref="oc-55"/>
      </symbol>
      <symbol id="sm-181">
         <name>__cmpd</name>
         <value>0x23d75</value>
         <object_component_ref idref="oc-55"/>
      </symbol>
      <symbol id="sm-182">
         <name>__neqd</name>
         <value>0x23be3</value>
         <object_component_ref idref="oc-55"/>
      </symbol>
      <symbol id="sm-183">
         <name>__gtrd</name>
         <value>0x23cac</value>
         <object_component_ref idref="oc-55"/>
      </symbol>
      <symbol id="sm-184">
         <name>__geqd</name>
         <value>0x23cf7</value>
         <object_component_ref idref="oc-55"/>
      </symbol>
      <symbol id="sm-185">
         <name>__leqd</name>
         <value>0x23c5f</value>
         <object_component_ref idref="oc-55"/>
      </symbol>
      <symbol id="sm-186">
         <name>__lssd</name>
         <value>0x23c17</value>
         <object_component_ref idref="oc-55"/>
      </symbol>
      <symbol id="sm-197">
         <name>_cos</name>
         <value>0x235eb</value>
         <object_component_ref idref="oc-59"/>
      </symbol>
      <symbol id="sm-1a3">
         <name>__divd</name>
         <value>0x224c4</value>
         <object_component_ref idref="oc-60"/>
      </symbol>
      <symbol id="sm-1b3">
         <name>C$$EXIT</name>
         <value>0x254cd</value>
         <object_component_ref idref="oc-68"/>
      </symbol>
      <symbol id="sm-1b4">
         <name>_exit</name>
         <value>0x25324</value>
         <object_component_ref idref="oc-64"/>
      </symbol>
      <symbol id="sm-1b5">
         <name>_abort</name>
         <value>0x254cc</value>
         <object_component_ref idref="oc-68"/>
      </symbol>
      <symbol id="sm-1b6">
         <name>__cleanup_ptr</name>
         <value>0x6428</value>
         <object_component_ref idref="oc-65"/>
      </symbol>
      <symbol id="sm-1b7">
         <name>__dtors_ptr</name>
         <value>0x642c</value>
         <object_component_ref idref="oc-65"/>
      </symbol>
      <symbol id="sm-1c1">
         <name>_fclose</name>
         <value>0x24c55</value>
         <object_component_ref idref="oc-6b"/>
      </symbol>
      <symbol id="sm-1cb">
         <name>__doflush</name>
         <value>0x247a8</value>
         <object_component_ref idref="oc-6f"/>
      </symbol>
      <symbol id="sm-1cc">
         <name>_fflush</name>
         <value>0x24811</value>
         <object_component_ref idref="oc-6f"/>
      </symbol>
      <symbol id="sm-1d6">
         <name>__fixdi</name>
         <value>0x253d2</value>
         <object_component_ref idref="oc-73"/>
      </symbol>
      <symbol id="sm-1e0">
         <name>__fixdli</name>
         <value>0x24e2b</value>
         <object_component_ref idref="oc-77"/>
      </symbol>
      <symbol id="sm-1ea">
         <name>__fltid</name>
         <value>0x254ac</value>
         <object_component_ref idref="oc-7b"/>
      </symbol>
      <symbol id="sm-1f6">
         <name>__fltlid</name>
         <value>0x24f72</value>
         <object_component_ref idref="oc-7f"/>
      </symbol>
      <symbol id="sm-205">
         <name>__cleanup</name>
         <value>0x22d6b</value>
         <object_component_ref idref="oc-84"/>
      </symbol>
      <symbol id="sm-206">
         <name>_fopen</name>
         <value>0x22e8e</value>
         <object_component_ref idref="oc-84"/>
      </symbol>
      <symbol id="sm-207">
         <name>_freopen</name>
         <value>0x22dc5</value>
         <object_component_ref idref="oc-84"/>
      </symbol>
      <symbol id="sm-211">
         <name>__frcmpyd_div</name>
         <value>0x24d46</value>
         <object_component_ref idref="oc-8a"/>
      </symbol>
      <symbol id="sm-21b">
         <name>_fread</name>
         <value>0x242ee</value>
         <object_component_ref idref="oc-8e"/>
      </symbol>
      <symbol id="sm-227">
         <name>_fwrite</name>
         <value>0x239f5</value>
         <object_component_ref idref="oc-92"/>
      </symbol>
      <symbol id="sm-22f">
         <name>__remi</name>
         <value>0x25381</value>
         <object_component_ref idref="oc-96"/>
      </symbol>
      <symbol id="sm-230">
         <name>__divi</name>
         <value>0x25362</value>
         <object_component_ref idref="oc-96"/>
      </symbol>
      <symbol id="sm-231">
         <name>I$$MOD</name>
         <value>0x25381</value>
         <object_component_ref idref="oc-96"/>
      </symbol>
      <symbol id="sm-232">
         <name>I$$DIV</name>
         <value>0x25362</value>
         <object_component_ref idref="oc-96"/>
      </symbol>
      <symbol id="sm-23a">
         <name>__mpyli</name>
         <value>0x25477</value>
         <object_component_ref idref="oc-9a"/>
      </symbol>
      <symbol id="sm-23b">
         <name>I$$LMPY</name>
         <value>0x25477</value>
         <object_component_ref idref="oc-9a"/>
      </symbol>
      <symbol id="sm-24d">
         <name>_add_device</name>
         <value>0x219f7</value>
         <object_component_ref idref="oc-9e"/>
      </symbol>
      <symbol id="sm-24e">
         <name>_rename</name>
         <value>0x21719</value>
         <object_component_ref idref="oc-9e"/>
      </symbol>
      <symbol id="sm-24f">
         <name>_read</name>
         <value>0x217a8</value>
         <object_component_ref idref="oc-9e"/>
      </symbol>
      <symbol id="sm-250">
         <name>_unlink</name>
         <value>0x216e6</value>
         <object_component_ref idref="oc-9e"/>
      </symbol>
      <symbol id="sm-251">
         <name>_remove_device</name>
         <value>0x21772</value>
         <object_component_ref idref="oc-9e"/>
      </symbol>
      <symbol id="sm-252">
         <name>_open</name>
         <value>0x21856</value>
         <object_component_ref idref="oc-9e"/>
      </symbol>
      <symbol id="sm-253">
         <name>_find_registered_device</name>
         <value>0x2197b</value>
         <object_component_ref idref="oc-9e"/>
      </symbol>
      <symbol id="sm-254">
         <name>_lseek</name>
         <value>0x21915</value>
         <object_component_ref idref="oc-9e"/>
      </symbol>
      <symbol id="sm-255">
         <name>_close</name>
         <value>0x21984</value>
         <object_component_ref idref="oc-9e"/>
      </symbol>
      <symbol id="sm-256">
         <name>_write</name>
         <value>0x215a4</value>
         <object_component_ref idref="oc-9e"/>
      </symbol>
      <symbol id="sm-25e">
         <name>_memcpy</name>
         <value>0x252e5</value>
         <object_component_ref idref="oc-a4"/>
      </symbol>
      <symbol id="sm-26e">
         <name>__sys_memory</name>
         <value>0x30c0</value>
         <object_component_ref idref="oc-ac"/>
      </symbol>
      <symbol id="sm-26f">
         <name>_chkheap</name>
         <value>0x22496</value>
         <object_component_ref idref="oc-a8"/>
      </symbol>
      <symbol id="sm-270">
         <name>_realloc</name>
         <value>0x22235</value>
         <object_component_ref idref="oc-a8"/>
      </symbol>
      <symbol id="sm-271">
         <name>_free_memory</name>
         <value>0x22440</value>
         <object_component_ref idref="oc-a8"/>
      </symbol>
      <symbol id="sm-272">
         <name>_max_free</name>
         <value>0x223e6</value>
         <object_component_ref idref="oc-a8"/>
      </symbol>
      <symbol id="sm-273">
         <name>_free</name>
         <value>0x2200f</value>
         <object_component_ref idref="oc-a8"/>
      </symbol>
      <symbol id="sm-274">
         <name>_calloc</name>
         <value>0x2249e</value>
         <object_component_ref idref="oc-a8"/>
      </symbol>
      <symbol id="sm-275">
         <name>_malloc</name>
         <value>0x22140</value>
         <object_component_ref idref="oc-a8"/>
      </symbol>
      <symbol id="sm-276">
         <name>_minit</name>
         <value>0x220db</value>
         <object_component_ref idref="oc-a8"/>
      </symbol>
      <symbol id="sm-282">
         <name>_modf</name>
         <value>0x2486a</value>
         <object_component_ref idref="oc-af"/>
      </symbol>
      <symbol id="sm-28c">
         <name>__mpyd</name>
         <value>0x24082</value>
         <object_component_ref idref="oc-b4"/>
      </symbol>
      <symbol id="sm-296">
         <name>__negd</name>
         <value>0x2549c</value>
         <object_component_ref idref="oc-b8"/>
      </symbol>
      <symbol id="sm-2a0">
         <name>_printf</name>
         <value>0x250e8</value>
         <object_component_ref idref="oc-bc"/>
      </symbol>
      <symbol id="sm-2aa">
         <name>_remove</name>
         <value>0x254c2</value>
         <object_component_ref idref="oc-c0"/>
      </symbol>
      <symbol id="sm-2b6">
         <name>__nround</name>
         <value>0x24fd9</value>
         <object_component_ref idref="oc-c4"/>
      </symbol>
      <symbol id="sm-2c7">
         <name>_sin</name>
         <value>0x23803</value>
         <object_component_ref idref="oc-c9"/>
      </symbol>
      <symbol id="sm-2d1">
         <name>__subd</name>
         <value>0x25463</value>
         <object_component_ref idref="oc-d0"/>
      </symbol>
      <symbol id="sm-2dd">
         <name>_HOSTopen</name>
         <value>0x21df2</value>
         <object_component_ref idref="oc-d4"/>
      </symbol>
      <symbol id="sm-2de">
         <name>_HOSTread</name>
         <value>0x21d65</value>
         <object_component_ref idref="oc-d4"/>
      </symbol>
      <symbol id="sm-2df">
         <name>_HOSTtime</name>
         <value>0x21c59</value>
         <object_component_ref idref="oc-d4"/>
      </symbol>
      <symbol id="sm-2e0">
         <name>_getenv</name>
         <value>0x21ae7</value>
         <object_component_ref idref="oc-d4"/>
      </symbol>
      <symbol id="sm-2e1">
         <name>_HOSTrename</name>
         <value>0x21cb7</value>
         <object_component_ref idref="oc-d4"/>
      </symbol>
      <symbol id="sm-2e2">
         <name>_HOSTclock</name>
         <value>0x21fb1</value>
         <object_component_ref idref="oc-d4"/>
      </symbol>
      <symbol id="sm-2e3">
         <name>_HOSTwrite</name>
         <value>0x21b62</value>
         <object_component_ref idref="oc-d4"/>
      </symbol>
      <symbol id="sm-2e4">
         <name>_HOSTlseek</name>
         <value>0x21e91</value>
         <object_component_ref idref="oc-d4"/>
      </symbol>
      <symbol id="sm-2e5">
         <name>_HOSTunlink</name>
         <value>0x21bef</value>
         <object_component_ref idref="oc-d4"/>
      </symbol>
      <symbol id="sm-2e6">
         <name>_HOSTclose</name>
         <value>0x21f46</value>
         <object_component_ref idref="oc-d4"/>
      </symbol>
      <symbol id="sm-2f8">
         <name>C$$IO$$</name>
         <value>0x249de</value>
         <object_component_ref idref="oc-dc"/>
      </symbol>
      <symbol id="sm-2f9">
         <name>__CIOBUF_</name>
         <value>0x40000</value>
         <object_component_ref idref="oc-db"/>
      </symbol>
      <symbol id="sm-2fa">
         <name>_readmsg</name>
         <value>0x24e9a</value>
         <object_component_ref idref="oc-d9"/>
      </symbol>
      <symbol id="sm-2fb">
         <name>_writemsg</name>
         <value>0x24929</value>
         <object_component_ref idref="oc-dc"/>
      </symbol>
      <symbol id="sm-307">
         <name>__trunc</name>
         <value>0x252a4</value>
         <object_component_ref idref="oc-df"/>
      </symbol>
      <symbol id="sm-30f">
         <name>__remu</name>
         <value>0x25411</value>
         <object_component_ref idref="oc-e4"/>
      </symbol>
      <symbol id="sm-310">
         <name>__divu</name>
         <value>0x253fc</value>
         <object_component_ref idref="oc-e4"/>
      </symbol>
      <symbol id="sm-311">
         <name>I$$UMOD</name>
         <value>0x25411</value>
         <object_component_ref idref="oc-e4"/>
      </symbol>
      <symbol id="sm-312">
         <name>I$$UDIV</name>
         <value>0x253fc</value>
         <object_component_ref idref="oc-e4"/>
      </symbol>
      <symbol id="sm-31c">
         <name>_Reset</name>
         <value>0x4fe00</value>
         <object_component_ref idref="oc-12"/>
      </symbol>
      <symbol id="sm-326">
         <name>__buff_read</name>
         <value>0x249e3</value>
         <object_component_ref idref="oc-ec"/>
      </symbol>
      <symbol id="sm-330">
         <name>__rd_ok</name>
         <value>0x2474b</value>
         <object_component_ref idref="oc-f0"/>
      </symbol>
      <symbol id="sm-331">
         <name>__wrt_ok</name>
         <value>0x246cb</value>
         <object_component_ref idref="oc-f0"/>
      </symbol>
      <symbol id="sm-33f">
         <name>__unlock</name>
         <value>0x6424</value>
         <object_component_ref idref="oc-f5"/>
      </symbol>
      <symbol id="sm-340">
         <name>__lock</name>
         <value>0x6420</value>
         <object_component_ref idref="oc-f5"/>
      </symbol>
      <symbol id="sm-341">
         <name>__register_lock</name>
         <value>0x25492</value>
         <object_component_ref idref="oc-f4"/>
      </symbol>
      <symbol id="sm-342">
         <name>__nop</name>
         <value>0x2549a</value>
         <object_component_ref idref="oc-f4"/>
      </symbol>
      <symbol id="sm-343">
         <name>__register_unlock</name>
         <value>0x2548a</value>
         <object_component_ref idref="oc-f4"/>
      </symbol>
      <symbol id="sm-355">
         <name>__printfi</name>
         <value>0x21362</value>
         <object_component_ref idref="oc-fa"/>
      </symbol>
      <symbol id="sm-35f">
         <name>__args_main</name>
         <value>0x25185</value>
         <object_component_ref idref="oc-100"/>
      </symbol>
      <symbol id="sm-360">
         <name>__TI_args_main</name>
         <value>0x1</value>
      </symbol>
      <symbol id="sm-36a">
         <name>_atoi</name>
         <value>0x25038</value>
         <object_component_ref idref="oc-104"/>
      </symbol>
      <symbol id="sm-372">
         <name>_auto_init</name>
         <value>0x25138</value>
         <object_component_ref idref="oc-108"/>
      </symbol>
      <symbol id="sm-37a">
         <name>__ctypes_</name>
         <value>0x6430</value>
         <object_component_ref idref="oc-149"/>
      </symbol>
      <symbol id="sm-384">
         <name>__tmpnams</name>
         <value>0x6018</value>
         <object_component_ref idref="oc-10e"/>
      </symbol>
      <symbol id="sm-385">
         <name>__ft_end</name>
         <value>0x6158</value>
         <object_component_ref idref="oc-10e"/>
      </symbol>
      <symbol id="sm-386">
         <name>__ftable</name>
         <value>0x5f28</value>
         <object_component_ref idref="oc-10e"/>
      </symbol>
      <symbol id="sm-391">
         <name>__divul</name>
         <value>0x24b37</value>
         <object_component_ref idref="oc-112"/>
      </symbol>
      <symbol id="sm-39b">
         <name>_putchar</name>
         <value>0x24b28</value>
         <object_component_ref idref="oc-116"/>
      </symbol>
      <symbol id="sm-39c">
         <name>_putc</name>
         <value>0x24a91</value>
         <object_component_ref idref="oc-116"/>
      </symbol>
      <symbol id="sm-39d">
         <name>_fputc</name>
         <value>0x24a91</value>
         <object_component_ref idref="oc-116"/>
      </symbol>
      <symbol id="sm-3ab">
         <name>_puts</name>
         <value>0x23f02</value>
         <object_component_ref idref="oc-11a"/>
      </symbol>
      <symbol id="sm-3ac">
         <name>_fputs</name>
         <value>0x23dcd</value>
         <object_component_ref idref="oc-11a"/>
      </symbol>
      <symbol id="sm-3b6">
         <name>__frcmpyd</name>
         <value>0x24cd0</value>
         <object_component_ref idref="oc-11f"/>
      </symbol>
      <symbol id="sm-3c0">
         <name>_fseek</name>
         <value>0x24f07</value>
         <object_component_ref idref="oc-123"/>
      </symbol>
      <symbol id="sm-3ca">
         <name>___isinf</name>
         <value>0x25449</value>
         <object_component_ref idref="oc-127"/>
      </symbol>
      <symbol id="sm-3d4">
         <name>__divull</name>
         <value>0x23268</value>
         <object_component_ref idref="oc-12b"/>
      </symbol>
      <symbol id="sm-3d5">
         <name>__mpylli</name>
         <value>0x231b0</value>
         <object_component_ref idref="oc-12b"/>
      </symbol>
      <symbol id="sm-3d6">
         <name>__remlli</name>
         <value>0x23181</value>
         <object_component_ref idref="oc-12b"/>
      </symbol>
      <symbol id="sm-3d7">
         <name>__divlli</name>
         <value>0x2335c</value>
         <object_component_ref idref="oc-12b"/>
      </symbol>
      <symbol id="sm-3d8">
         <name>__remull</name>
         <value>0x23133</value>
         <object_component_ref idref="oc-12b"/>
      </symbol>
      <symbol id="sm-3e2">
         <name>_ltoa</name>
         <value>0x24bd8</value>
         <object_component_ref idref="oc-12f"/>
      </symbol>
      <symbol id="sm-3ed">
         <name>_memccpy</name>
         <value>0x25426</value>
         <object_component_ref idref="oc-133"/>
      </symbol>
      <symbol id="sm-3f7">
         <name>__remli</name>
         <value>0x251d0</value>
         <object_component_ref idref="oc-137"/>
      </symbol>
      <symbol id="sm-402">
         <name>__remul</name>
         <value>0x24db9</value>
         <object_component_ref idref="oc-13b"/>
      </symbol>
      <symbol id="sm-40c">
         <name>_setvbuf</name>
         <value>0x245e5</value>
         <object_component_ref idref="oc-13f"/>
      </symbol>
      <symbol id="sm-416">
         <name>__divli</name>
         <value>0x2521b</value>
         <object_component_ref idref="oc-143"/>
      </symbol>
   </symbol_table>
</link_info>
